Archive member included to satisfy reference by file (symbol)

f:/installs/altera/nios2eds/bin/gnu/h-x86_64-mingw32/bin/../lib/gcc/nios2-elf/4.9.2/../../../../../H-x86_64-mingw32/nios2-elf/lib\libc.a(lib_a-printf.o)
                              obj/default/main.o (printf)
f:/installs/altera/nios2eds/bin/gnu/h-x86_64-mingw32/bin/../lib/gcc/nios2-elf/4.9.2/../../../../../H-x86_64-mingw32/nios2-elf/lib\libc.a(lib_a-puts.o)
                              obj/default/main.o (puts)
f:/installs/altera/nios2eds/bin/gnu/h-x86_64-mingw32/bin/../lib/gcc/nios2-elf/4.9.2/../../../../../H-x86_64-mingw32/nios2-elf/lib\libc.a(lib_a-strlen.o)
                              f:/installs/altera/nios2eds/bin/gnu/h-x86_64-mingw32/bin/../lib/gcc/nios2-elf/4.9.2/../../../../../H-x86_64-mingw32/nios2-elf/lib\libc.a(lib_a-puts.o) (strlen)
f:/installs/altera/nios2eds/bin/gnu/h-x86_64-mingw32/bin/../lib/gcc/nios2-elf/4.9.2/../../../../../H-x86_64-mingw32/nios2-elf/lib\libc.a(lib_a-vfprintf.o)
                              f:/installs/altera/nios2eds/bin/gnu/h-x86_64-mingw32/bin/../lib/gcc/nios2-elf/4.9.2/../../../../../H-x86_64-mingw32/nios2-elf/lib\libc.a(lib_a-printf.o) (___vfprintf_internal_r)
f:/installs/altera/nios2eds/bin/gnu/h-x86_64-mingw32/bin/../lib/gcc/nios2-elf/4.9.2/../../../../../H-x86_64-mingw32/nios2-elf/lib\libc.a(lib_a-wsetup.o)
                              f:/installs/altera/nios2eds/bin/gnu/h-x86_64-mingw32/bin/../lib/gcc/nios2-elf/4.9.2/../../../../../H-x86_64-mingw32/nios2-elf/lib\libc.a(lib_a-vfprintf.o) (__swsetup_r)
f:/installs/altera/nios2eds/bin/gnu/h-x86_64-mingw32/bin/../lib/gcc/nios2-elf/4.9.2/../../../../../H-x86_64-mingw32/nios2-elf/lib\libc.a(lib_a-dtoa.o)
                              f:/installs/altera/nios2eds/bin/gnu/h-x86_64-mingw32/bin/../lib/gcc/nios2-elf/4.9.2/../../../../../H-x86_64-mingw32/nios2-elf/lib\libc.a(lib_a-vfprintf.o) (_dtoa_r)
f:/installs/altera/nios2eds/bin/gnu/h-x86_64-mingw32/bin/../lib/gcc/nios2-elf/4.9.2/../../../../../H-x86_64-mingw32/nios2-elf/lib\libc.a(lib_a-fflush.o)
                              f:/installs/altera/nios2eds/bin/gnu/h-x86_64-mingw32/bin/../lib/gcc/nios2-elf/4.9.2/../../../../../H-x86_64-mingw32/nios2-elf/lib\libc.a(lib_a-vfprintf.o) (_fflush_r)
f:/installs/altera/nios2eds/bin/gnu/h-x86_64-mingw32/bin/../lib/gcc/nios2-elf/4.9.2/../../../../../H-x86_64-mingw32/nios2-elf/lib\libc.a(lib_a-findfp.o)
                              f:/installs/altera/nios2eds/bin/gnu/h-x86_64-mingw32/bin/../lib/gcc/nios2-elf/4.9.2/../../../../../H-x86_64-mingw32/nios2-elf/lib\libc.a(lib_a-vfprintf.o) (__sinit)
f:/installs/altera/nios2eds/bin/gnu/h-x86_64-mingw32/bin/../lib/gcc/nios2-elf/4.9.2/../../../../../H-x86_64-mingw32/nios2-elf/lib\libc.a(lib_a-freer.o)
                              f:/installs/altera/nios2eds/bin/gnu/h-x86_64-mingw32/bin/../lib/gcc/nios2-elf/4.9.2/../../../../../H-x86_64-mingw32/nios2-elf/lib\libc.a(lib_a-wsetup.o) (_free_r)
f:/installs/altera/nios2eds/bin/gnu/h-x86_64-mingw32/bin/../lib/gcc/nios2-elf/4.9.2/../../../../../H-x86_64-mingw32/nios2-elf/lib\libc.a(lib_a-fvwrite.o)
                              f:/installs/altera/nios2eds/bin/gnu/h-x86_64-mingw32/bin/../lib/gcc/nios2-elf/4.9.2/../../../../../H-x86_64-mingw32/nios2-elf/lib\libc.a(lib_a-puts.o) (__sfvwrite_r)
f:/installs/altera/nios2eds/bin/gnu/h-x86_64-mingw32/bin/../lib/gcc/nios2-elf/4.9.2/../../../../../H-x86_64-mingw32/nios2-elf/lib\libc.a(lib_a-fwalk.o)
                              f:/installs/altera/nios2eds/bin/gnu/h-x86_64-mingw32/bin/../lib/gcc/nios2-elf/4.9.2/../../../../../H-x86_64-mingw32/nios2-elf/lib\libc.a(lib_a-findfp.o) (_fwalk)
f:/installs/altera/nios2eds/bin/gnu/h-x86_64-mingw32/bin/../lib/gcc/nios2-elf/4.9.2/../../../../../H-x86_64-mingw32/nios2-elf/lib\libc.a(lib_a-impure.o)
                              f:/installs/altera/nios2eds/bin/gnu/h-x86_64-mingw32/bin/../lib/gcc/nios2-elf/4.9.2/../../../../../H-x86_64-mingw32/nios2-elf/lib\libc.a(lib_a-fflush.o) (_global_impure_ptr)
f:/installs/altera/nios2eds/bin/gnu/h-x86_64-mingw32/bin/../lib/gcc/nios2-elf/4.9.2/../../../../../H-x86_64-mingw32/nios2-elf/lib\libc.a(lib_a-locale.o)
                              f:/installs/altera/nios2eds/bin/gnu/h-x86_64-mingw32/bin/../lib/gcc/nios2-elf/4.9.2/../../../../../H-x86_64-mingw32/nios2-elf/lib\libc.a(lib_a-vfprintf.o) (_localeconv_r)
f:/installs/altera/nios2eds/bin/gnu/h-x86_64-mingw32/bin/../lib/gcc/nios2-elf/4.9.2/../../../../../H-x86_64-mingw32/nios2-elf/lib\libc.a(lib_a-makebuf.o)
                              f:/installs/altera/nios2eds/bin/gnu/h-x86_64-mingw32/bin/../lib/gcc/nios2-elf/4.9.2/../../../../../H-x86_64-mingw32/nios2-elf/lib\libc.a(lib_a-wsetup.o) (__smakebuf_r)
f:/installs/altera/nios2eds/bin/gnu/h-x86_64-mingw32/bin/../lib/gcc/nios2-elf/4.9.2/../../../../../H-x86_64-mingw32/nios2-elf/lib\libc.a(lib_a-mallocr.o)
[...]
Memory Configuration

Name             Origin             Length             Attributes
reset            0x0000000004000000 0x0000000000000020
sdram_controller 0x0000000004000020 0x0000000003ffffe0
onchip_memory    0x0000000008004000 0x0000000000004000
*default*        0x0000000000000000 0xffffffffffffffff

Linker script and memory map

LOAD ../CodesignProject_bsp//obj/HAL/src/crt0.o
LOAD obj/default/main.o
LOAD f:/installs/altera/nios2eds/bin/gnu/h-x86_64-mingw32/bin/../lib/gcc/nios2-elf/4.9.2/../../../../../H-x86_64-mingw32/nios2-elf/lib\libstdc++.a
LOAD f:/installs/altera/nios2eds/bin/gnu/h-x86_64-mingw32/bin/../lib/gcc/nios2-elf/4.9.2/../../../../../H-x86_64-mingw32/nios2-elf/lib\libm.a
LOAD f:/installs/altera/nios2eds/bin/gnu/h-x86_64-mingw32/bin/../lib/gcc/nios2-elf/4.9.2\libgcc.a
START GROUP
LOAD f:/installs/altera/nios2eds/bin/gnu/h-x86_64-mingw32/bin/../lib/gcc/nios2-elf/4.9.2/../../../../../H-x86_64-mingw32/nios2-elf/lib\libc.a
LOAD f:/installs/altera/nios2eds/bin/gnu/h-x86_64-mingw32/bin/../lib/gcc/nios2-elf/4.9.2\libgcc.a
LOAD ../CodesignProject_bsp/\libhal_bsp.a
LOAD f:/installs/altera/nios2eds/bin/gnu/h-x86_64-mingw32/bin/../lib/gcc/nios2-elf/4.9.2/../../../../../H-x86_64-mingw32/nios2-elf/lib\libm.a
END GROUP
LOAD f:/installs/altera/nios2eds/bin/gnu/h-x86_64-mingw32/bin/../lib/gcc/nios2-elf/4.9.2\libgcc.a
                0x0000000004000000                __alt_mem_sdram_controller = 0x4000000
                0x0000000008004000                __alt_mem_onchip_memory = 0x8004000

.entry          0x0000000004000000       0x20
 *(.entry)
 .entry         0x0000000004000000       0x20 ../CodesignProject_bsp//obj/HAL/src/crt0.o
                0x0000000004000000                __reset

.exceptions     0x0000000004000020      0x220
                0x0000000004000020                PROVIDE (__ram_exceptions_start, ABSOLUTE (.))
                0x0000000004000020                . = ALIGN (0x20)
 *(.irq)
 *(.exceptions.entry.label)
 .exceptions.entry.label
                0x0000000004000020        0x0 ../CodesignProject_bsp/\libhal_bsp.a(alt_irq_entry.o)
                0x0000000004000020                alt_irq_entry
 .exceptions.entry.label
                0x0000000004000020        0x0 ../CodesignProject_bsp/\libhal_bsp.a(alt_exception_entry.o)
                0x0000000004000020                alt_exception
 *(.exceptions.entry.user)
 *(.exceptions.entry.ecc_fatal)
 *(.exceptions.entry)
 .exceptions.entry
                0x0000000004000020       0x54 ../CodesignProject_bsp/\libhal_bsp.a(alt_exception_entry.o)
 *(.exceptions.irqtest.user)
 *(.exceptions.irqtest)
 .exceptions.irqtest
                0x0000000004000074       0x10 ../CodesignProject_bsp/\libhal_bsp.a(alt_irq_entry.o)
 *(.exceptions.irqhandler.user)
 *(.exceptions.irqhandler)
 .exceptions.irqhandler
                0x0000000004000084        0x4 ../CodesignProject_bsp/\libhal_bsp.a(alt_irq_entry.o)
 *(.exceptions.irqreturn.user)
 *(.exceptions.irqreturn)
 .exceptions.irqreturn
                0x0000000004000088        0x4 ../CodesignProject_bsp/\libhal_bsp.a(alt_irq_entry.o)
 *(.exceptions.notirq.label)
 .exceptions.notirq.label
                0x000000000400008c        0x0 ../CodesignProject_bsp/\libhal_bsp.a(alt_irq_entry.o)
 *(.exceptions.notirq.user)
 *(.exceptions.notirq)
 .exceptions.notirq
                0x000000000400008c        0x8 ../CodesignProject_bsp/\libhal_bsp.a(alt_exception_entry.o)
 *(.exceptions.soft.user)
 *(.exceptions.soft)
 *(.exceptions.unknown.user)
 *(.exceptions.unknown)
 .exceptions.unknown
                0x0000000004000094       0x14 ../CodesignProject_bsp/\libhal_bsp.a(alt_exception_entry.o)
 *(.exceptions.exit.label)
 .exceptions.exit.label
                0x00000000040000a8        0x0 ../CodesignProject_bsp/\libhal_bsp.a(alt_irq_entry.o)
 .exceptions.exit.label
                0x00000000040000a8        0x0 ../CodesignProject_bsp/\libhal_bsp.a(alt_exception_entry.o)
 *(.exceptions.exit.user)
 *(.exceptions.exit)
 .exceptions.exit
                0x00000000040000a8       0x54 ../CodesignProject_bsp/\libhal_bsp.a(alt_exception_entry.o)
 *(.exceptions)
 .exceptions    0x00000000040000fc       0xd0 ../CodesignProject_bsp/\libhal_bsp.a(alt_irq_handler.o)
                0x00000000040000fc                alt_irq_handler
 .exceptions    0x00000000040001cc       0x74 ../CodesignProject_bsp/\libhal_bsp.a(alt_instruction_exception_entry.o)
                0x00000000040001cc                alt_instruction_exception_entry
                0x0000000004000240                PROVIDE (__ram_exceptions_end, ABSOLUTE (.))
                0x0000000004000020                PROVIDE (__flash_exceptions_start, LOADADDR (.exceptions))

.text           0x0000000004000240     0xf054
                0x0000000004000240                PROVIDE (stext, ABSOLUTE (.))
 *(.interp)
 *(.hash)
 *(.dynsym)
 *(.dynstr)
 *(.gnu.version)
 *(.gnu.version_d)
 *(.gnu.version_r)
 *(.rel.init)
 *(.rela.init)
 *(.rel.text .rel.text.* .rel.gnu.linkonce.t.*)
 *(.rela.text .rela.text.* .rela.gnu.linkonce.t.*)
 *(.rel.fini)
 *(.rela.fini)
 *(.rel.rodata .rel.rodata.* .rel.gnu.linkonce.r.*)
 *(.rela.rodata .rela.rodata.* .rela.gnu.linkonce.r.*)
 *(.rel.data .rel.data.* .rel.gnu.linkonce.d.*)
 *(.rela.data .rela.data.* .rela.gnu.linkonce.d.*)
 *(.rel.tdata .rel.tdata.* .rel.gnu.linkonce.td.*)
 *(.rela.tdata .rela.tdata.* .rela.gnu.linkonce.td.*)
 *(.rel.tbss .rel.tbss.* .rel.gnu.linkonce.tb.*)
 *(.rela.tbss .rela.tbss.* .rela.gnu.linkonce.tb.*)
 *(.rel.ctors)
 *(.rela.ctors)
 *(.rel.dtors)
 *(.rela.dtors)
 *(.rel.got)
 *(.rela.got)
 *(.rel.sdata .rel.sdata.* .rel.gnu.linkonce.s.*)
 *(.rela.sdata .rela.sdata.* .rela.gnu.linkonce.s.*)
 *(.rel.sbss .rel.sbss.* .rel.gnu.linkonce.sb.*)
 *(.rela.sbss .rela.sbss.* .rela.gnu.linkonce.sb.*)
 *(.rel.sdata2 .rel.sdata2.* .rel.gnu.linkonce.s2.*)
 *(.rela.sdata2 .rela.sdata2.* .rela.gnu.linkonce.s2.*)
 *(.rel.sbss2 .rel.sbss2.* .rel.gnu.linkonce.sb2.*)
 *(.rela.sbss2 .rela.sbss2.* .rela.gnu.linkonce.sb2.*)
 *(.rel.bss .rel.bss.* .rel.gnu.linkonce.b.*)
 *(.rela.bss .rela.bss.* .rela.gnu.linkonce.b.*)
 *(.rel.plt)
 *(.rela.plt)
 *(.rel.dyn)
 *(.init)
 *(.plt)
 *(.text .stub .text.* .gnu.linkonce.t.*)
 .text          0x0000000004000240       0x4c ../CodesignProject_bsp//obj/HAL/src/crt0.o
                0x0000000004000240                _start
 .text          0x000000000400028c      0x28c obj/default/main.o
                0x000000000400028c                EsperaTiempo
                0x0000000004000370                main
 .text          0x0000000004000518        0x0 f:/installs/altera/nios2eds/bin/gnu/h-x86_64-mingw32/bin/../lib/gcc/nios2-elf/4.9.2/../../../../../H-x86_64-mingw32/nios2-elf/lib\libc.a(lib_a-printf.o)
 .text._printf_r
                0x0000000004000518       0x2c f:/installs/altera/nios2eds/bin/gnu/h-x86_64-mingw32/bin/../lib/gcc/nios2-elf/4.9.2/../../../../../H-x86_64-mingw32/nios2-elf/lib\libc.a(lib_a-printf.o)
                0x0000000004000518                _printf_r
 .text.printf   0x0000000004000544       0x3c f:/installs/altera/nios2eds/bin/gnu/h-x86_64-mingw32/bin/../lib/gcc/nios2-elf/4.9.2/../../../../../H-x86_64-mingw32/nios2-elf/lib\libc.a(lib_a-printf.o)
                0x0000000004000544                printf
 .text          0x0000000004000580        0x0 f:/installs/altera/nios2eds/bin/gnu/h-x86_64-mingw32/bin/../lib/gcc/nios2-elf/4.9.2/../../../../../H-x86_64-mingw32/nios2-elf/lib\libc.a(lib_a-puts.o)
 .text._puts_r  0x0000000004000580       0xa8 f:/installs/altera/nios2eds/bin/gnu/h-x86_64-mingw32/bin/../lib/gcc/nios2-elf/4.9.2/../../../../../H-x86_64-mingw32/nios2-elf/lib\libc.a(lib_a-puts.o)
                0x0000000004000580                _puts_r
 .text.puts     0x0000000004000628       0x14 f:/installs/altera/nios2eds/bin/gnu/h-x86_64-mingw32/bin/../lib/gcc/nios2-elf/4.9.2/../../../../../H-x86_64-mingw32/nios2-elf/lib\libc.a(lib_a-puts.o)
                0x0000000004000628                puts
 .text          0x000000000400063c        0x0 f:/installs/altera/nios2eds/bin/gnu/h-x86_64-mingw32/bin/../lib/gcc/nios2-elf/4.9.2/../../../../../H-x86_64-mingw32/nios2-elf/lib\libc.a(lib_a-strlen.o)
 .text.strlen   0x000000000400063c       0x98 f:/installs/altera/nios2eds/bin/gnu/h-x86_64-mingw32/bin/../lib/gcc/nios2-elf/4.9.2/../../../../../H-x86_64-mingw32/nios2-elf/lib\libc.a(lib_a-strlen.o)
                0x000000000400063c                strlen
 .text          0x00000000040006d4        0x0 f:/installs/altera/nios2eds/bin/gnu/h-x86_64-mingw32/bin/../lib/gcc/nios2-elf/4.9.2/../../../../../H-x86_64-mingw32/nios2-elf/lib\libc.a(lib_a-vfprintf.o)
 .text.___vfprintf_internal_r
                0x00000000040006d4     0x1f50 f:/installs/altera/nios2eds/bin/gnu/h-x86_64-mingw32/bin/../lib/gcc/nios2-elf/4.9.2/../../../../../H-x86_64-mingw32/nios2-elf/lib\libc.a(lib_a-vfprintf.o)
                0x00000000040006d4                ___vfprintf_internal_r
 .text.__vfprintf_internal
                0x0000000004002624       0x24 f:/installs/altera/nios2eds/bin/gnu/h-x86_64-mingw32/bin/../lib/gcc/nios2-elf/4.9.2/../../../../../H-x86_64-mingw32/nios2-elf/lib\libc.a(lib_a-vfprintf.o)
                0x0000000004002624                __vfprintf_internal
 .text.__sbprintf
                0x0000000004002648       0xbc f:/installs/altera/nios2eds/bin/gnu/h-x86_64-mingw32/bin/../lib/gcc/nios2-elf/4.9.2/../../../../../H-x86_64-mingw32/nios2-elf/lib\libc.a(lib_a-vfprintf.o)
 .text          0x0000000004002704        0x0 f:/installs/altera/nios2eds/bin/gnu/h-x86_64-mingw32/bin/../lib/gcc/nios2-elf/4.9.2/../../../../../H-x86_64-mingw32/nios2-elf/lib\libc.a(lib_a-wsetup.o)
 .text.__swsetup_r
                0x0000000004002704      0x154 f:/installs/altera/nios2eds/bin/gnu/h-x86_64-mingw32/bin/../lib/gcc/nios2-elf/4.9.2/../../../../../H-x86_64-mingw32/nios2-elf/lib\libc.a(lib_a-wsetup.o)
                0x0000000004002704                __swsetup_r
 .text          0x0000000004002858        0x0 f:/installs/altera/nios2eds/bin/gnu/h-x86_64-mingw32/bin/../lib/gcc/nios2-elf/4.9.2/../../../../../H-x86_64-mingw32/nios2-elf/lib\libc.a(lib_a-dtoa.o)
 .text.quorem   0x0000000004002858      0x200 f:/installs/altera/nios2eds/bin/gnu/h-x86_64-mingw32/bin/../lib/gcc/nios2-elf/4.9.2/../../../../../H-x86_64-mingw32/nios2-elf/lib\libc.a(lib_a-dtoa.o)
 .text._dtoa_r  0x0000000004002a58     0x1728 f:/installs/altera/nios2eds/bin/gnu/h-x86_64-mingw32/bin/../lib/gcc/nios2-elf/4.9.2/../../../../../H-x86_64-mingw32/nios2-elf/lib\libc.a(lib_a-dtoa.o)
                0x0000000004002a58                _dtoa_r
 .text          0x0000000004004180        0x0 f:/installs/altera/nios2eds/bin/gnu/h-x86_64-mingw32/bin/../lib/gcc/nios2-elf/4.9.2/../../../../../H-x86_64-mingw32/nios2-elf/lib\libc.a(lib_a-fflush.o)
 .text.__sflush_r
                0x0000000004004180      0x208 f:/installs/altera/nios2eds/bin/gnu/h-x86_64-mingw32/bin/../lib/gcc/nios2-elf/4.9.2/../../../../../H-x86_64-mingw32/nios2-elf/lib\libc.a(lib_a-fflush.o)
                0x0000000004004180                __sflush_r
 .text._fflush_r
                0x0000000004004388       0x5c f:/installs/altera/nios2eds/bin/gnu/h-x86_64-mingw32/bin/../lib/gcc/nios2-elf/4.9.2/../../../../../H-x86_64-mingw32/nios2-elf/lib\libc.a(lib_a-fflush.o)
                0x0000000004004388                _fflush_r
 .text.fflush   0x00000000040043e4       0x30 f:/installs/altera/nios2eds/bin/gnu/h-x86_64-mingw32/bin/../lib/gcc/nios2-elf/4.9.2/../../../../../H-x86_64-mingw32/nios2-elf/lib\libc.a(lib_a-fflush.o)
                0x00000000040043e4                fflush
 .text          0x0000000004004414        0x0 f:/installs/altera/nios2eds/bin/gnu/h-x86_64-mingw32/bin/../lib/gcc/nios2-elf/4.9.2/../../../../../H-x86_64-mingw32/nios2-elf/lib\libc.a(lib_a-findfp.o)
 .text.__fp_lock
                0x0000000004004414        0x8 f:/installs/altera/nios2eds/bin/gnu/h-x86_64-mingw32/bin/../lib/gcc/nios2-elf/4.9.2/../../../../../H-x86_64-mingw32/nios2-elf/lib\libc.a(lib_a-findfp.o)
 .text.__fp_unlock
                0x000000000400441c        0x8 f:/installs/altera/nios2eds/bin/gnu/h-x86_64-mingw32/bin/../lib/gcc/nios2-elf/4.9.2/../../../../../H-x86_64-mingw32/nios2-elf/lib\libc.a(lib_a-findfp.o)
 .text._cleanup_r
                0x0000000004004424        0xc f:/installs/altera/nios2eds/bin/gnu/h-x86_64-mingw32/bin/../lib/gcc/nios2-elf/4.9.2/../../../../../H-x86_64-mingw32/nios2-elf/lib\libc.a(lib_a-findfp.o)
                0x0000000004004424                _cleanup_r
 .text.__sinit.part.1
                0x0000000004004430      0x19c f:/installs/altera/nios2eds/bin/gnu/h-x86_64-mingw32/bin/../lib/gcc/nios2-elf/4.9.2/../../../../../H-x86_64-mingw32/nios2-elf/lib\libc.a(lib_a-findfp.o)
 .text.__sfmoreglue
                0x00000000040045cc       0x68 f:/installs/altera/nios2eds/bin/gnu/h-x86_64-mingw32/bin/../lib/gcc/nios2-elf/4.9.2/../../../../../H-x86_64-mingw32/nios2-elf/lib\libc.a(lib_a-findfp.o)
                0x00000000040045cc                __sfmoreglue
 .text.__sfp    0x0000000004004634      0x118 f:/installs/altera/nios2eds/bin/gnu/h-x86_64-mingw32/bin/../lib/gcc/nios2-elf/4.9.2/../../../../../H-x86_64-mingw32/nios2-elf/lib\libc.a(lib_a-findfp.o)
                0x0000000004004634                __sfp
 .text._cleanup
                0x000000000400474c       0x18 f:/installs/altera/nios2eds/bin/gnu/h-x86_64-mingw32/bin/../lib/gcc/nios2-elf/4.9.2/../../../../../H-x86_64-mingw32/nios2-elf/lib\libc.a(lib_a-findfp.o)
                0x000000000400474c                _cleanup
 .text.__sinit  0x0000000004004764       0x10 f:/installs/altera/nios2eds/bin/gnu/h-x86_64-mingw32/bin/../lib/gcc/nios2-elf/4.9.2/../../../../../H-x86_64-mingw32/nios2-elf/lib\libc.a(lib_a-findfp.o)
                0x0000000004004764                __sinit
 .text.__sfp_lock_acquire
                0x0000000004004774        0x4 f:/installs/altera/nios2eds/bin/gnu/h-x86_64-mingw32/bin/../lib/gcc/nios2-elf/4.9.2/../../../../../H-x86_64-mingw32/nios2-elf/lib\libc.a(lib_a-findfp.o)
                0x0000000004004774                __sfp_lock_acquire
 .text.__sfp_lock_release
                0x0000000004004778        0x4 f:/installs/altera/nios2eds/bin/gnu/h-x86_64-mingw32/bin/../lib/gcc/nios2-elf/4.9.2/../../../../../H-x86_64-mingw32/nios2-elf/lib\libc.a(lib_a-findfp.o)
                0x0000000004004778                __sfp_lock_release
 .text.__sinit_lock_acquire
                0x000000000400477c        0x4 f:/installs/altera/nios2eds/bin/gnu/h-x86_64-mingw32/bin/../lib/gcc/nios2-elf/4.9.2/../../../../../H-x86_64-mingw32/nios2-elf/lib\libc.a(lib_a-findfp.o)
                0x000000000400477c                __sinit_lock_acquire
 .text.__sinit_lock_release
                0x0000000004004780        0x4 f:/installs/altera/nios2eds/bin/gnu/h-x86_64-mingw32/bin/../lib/gcc/nios2-elf/4.9.2/../../../../../H-x86_64-mingw32/nios2-elf/lib\libc.a(lib_a-findfp.o)
                0x0000000004004780                __sinit_lock_release
 .text.__fp_lock_all
                0x0000000004004784       0x18 f:/installs/altera/nios2eds/bin/gnu/h-x86_64-mingw32/bin/../lib/gcc/nios2-elf/4.9.2/../../../../../H-x86_64-mingw32/nios2-elf/lib\libc.a(lib_a-findfp.o)
                0x0000000004004784                __fp_lock_all
 .text.__fp_unlock_all
                0x000000000400479c       0x18 f:/installs/altera/nios2eds/bin/gnu/h-x86_64-mingw32/bin/../lib/gcc/nios2-elf/4.9.2/../../../../../H-x86_64-mingw32/nios2-elf/lib\libc.a(lib_a-findfp.o)
                0x000000000400479c                __fp_unlock_all
 .text          0x00000000040047b4        0x0 f:/installs/altera/nios2eds/bin/gnu/h-x86_64-mingw32/bin/../lib/gcc/nios2-elf/4.9.2/../../../../../H-x86_64-mingw32/nios2-elf/lib\libc.a(lib_a-freer.o)
 .text._malloc_trim_r
                0x00000000040047b4      0x124 f:/installs/altera/nios2eds/bin/gnu/h-x86_64-mingw32/bin/../lib/gcc/nios2-elf/4.9.2/../../../../../H-x86_64-mingw32/nios2-elf/lib\libc.a(lib_a-freer.o)
                0x00000000040047b4                _malloc_trim_r
 .text._free_r  0x00000000040048d8      0x2f0 f:/installs/altera/nios2eds/bin/gnu/h-x86_64-mingw32/bin/../lib/gcc/nios2-elf/4.9.2/../../../../../H-x86_64-mingw32/nios2-elf/lib\libc.a(lib_a-freer.o)
                0x00000000040048d8                _free_r
 .text          0x0000000004004bc8        0x0 f:/installs/altera/nios2eds/bin/gnu/h-x86_64-mingw32/bin/../lib/gcc/nios2-elf/4.9.2/../../../../../H-x86_64-mingw32/nios2-elf/lib\libc.a(lib_a-fvwrite.o)
 .text.__sfvwrite_r
                0x0000000004004bc8      0x4c0 f:/installs/altera/nios2eds/bin/gnu/h-x86_64-mingw32/bin/../lib/gcc/nios2-elf/4.9.2/../../../../../H-x86_64-mingw32/nios2-elf/lib\libc.a(lib_a-fvwrite.o)
                0x0000000004004bc8                __sfvwrite_r
 .text          0x0000000004005088        0x0 f:/installs/altera/nios2eds/bin/gnu/h-x86_64-mingw32/bin/../lib/gcc/nios2-elf/4.9.2/../../../../../H-x86_64-mingw32/nios2-elf/lib\libc.a(lib_a-fwalk.o)
 .text._fwalk   0x0000000004005088       0xc4 f:/installs/altera/nios2eds/bin/gnu/h-x86_64-mingw32/bin/../lib/gcc/nios2-elf/4.9.2/../../../../../H-x86_64-mingw32/nios2-elf/lib\libc.a(lib_a-fwalk.o)
                0x0000000004005088                _fwalk
 .text._fwalk_reent
                0x000000000400514c       0xc4 f:/installs/altera/nios2eds/bin/gnu/h-x86_64-mingw32/bin/../lib/gcc/nios2-elf/4.9.2/../../../../../H-x86_64-mingw32/nios2-elf/lib\libc.a(lib_a-fwalk.o)
                0x000000000400514c                _fwalk_reent
 .text          0x0000000004005210        0x0 f:/installs/altera/nios2eds/bin/gnu/h-x86_64-mingw32/bin/../lib/gcc/nios2-elf/4.9.2/../../../../../H-x86_64-mingw32/nios2-elf/lib\libc.a(lib_a-impure.o)
 .text          0x0000000004005210        0x0 f:/installs/altera/nios2eds/bin/gnu/h-x86_64-mingw32/bin/../lib/gcc/nios2-elf/4.9.2/../../../../../H-x86_64-mingw32/nios2-elf/lib\libc.a(lib_a-locale.o)
 .text._setlocale_r
                0x0000000004005210       0x7c f:/installs/altera/nios2eds/bin/gnu/h-x86_64-mingw32/bin/../lib/gcc/nios2-elf/4.9.2/../../../../../H-x86_64-mingw32/nios2-elf/lib\libc.a(lib_a-locale.o)
                0x0000000004005210                _setlocale_r
 .text.__locale_charset
                0x000000000400528c        0xc f:/installs/altera/nios2eds/bin/gnu/h-x86_64-mingw32/bin/../lib/gcc/nios2-elf/4.9.2/../../../../../H-x86_64-mingw32/nios2-elf/lib\libc.a(lib_a-locale.o)
                0x000000000400528c                __locale_charset
 .text.__locale_mb_cur_max
                0x0000000004005298       0x10 f:/installs/altera/nios2eds/bin/gnu/h-x86_64-mingw32/bin/../lib/gcc/nios2-elf/4.9.2/../../../../../H-x86_64-mingw32/nios2-elf/lib\libc.a(lib_a-locale.o)
                0x0000000004005298                __locale_mb_cur_max
 .text.__locale_msgcharset
                0x00000000040052a8        0xc f:/installs/altera/nios2eds/bin/gnu/h-x86_64-mingw32/bin/../lib/gcc/nios2-elf/4.9.2/../../../../../H-x86_64-mingw32/nios2-elf/lib\libc.a(lib_a-locale.o)
                0x00000000040052a8                __locale_msgcharset
 .text.__locale_cjk_lang
                0x00000000040052b4        0x8 f:/installs/altera/nios2eds/bin/gnu/h-x86_64-mingw32/bin/../lib/gcc/nios2-elf/4.9.2/../../../../../H-x86_64-mingw32/nios2-elf/lib\libc.a(lib_a-locale.o)
                0x00000000040052b4                __locale_cjk_lang
 .text._localeconv_r
                0x00000000040052bc        0xc f:/installs/altera/nios2eds/bin/gnu/h-x86_64-mingw32/bin/../lib/gcc/nios2-elf/4.9.2/../../../../../H-x86_64-mingw32/nios2-elf/lib\libc.a(lib_a-locale.o)
                0x00000000040052bc                _localeconv_r
 .text.setlocale
                0x00000000040052c8       0x1c f:/installs/altera/nios2eds/bin/gnu/h-x86_64-mingw32/bin/../lib/gcc/nios2-elf/4.9.2/../../../../../H-x86_64-mingw32/nios2-elf/lib\libc.a(lib_a-locale.o)
                0x00000000040052c8                setlocale
 .text.localeconv
                0x00000000040052e4        0xc f:/installs/altera/nios2eds/bin/gnu/h-x86_64-mingw32/bin/../lib/gcc/nios2-elf/4.9.2/../../../../../H-x86_64-mingw32/nios2-elf/lib\libc.a(lib_a-locale.o)
                0x00000000040052e4                localeconv
 .text          0x00000000040052f0        0x0 f:/installs/altera/nios2eds/bin/gnu/h-x86_64-mingw32/bin/../lib/gcc/nios2-elf/4.9.2/../../../../../H-x86_64-mingw32/nios2-elf/lib\libc.a(lib_a-makebuf.o)
 .text.__smakebuf_r
                0x00000000040052f0      0x1b8 f:/installs/altera/nios2eds/bin/gnu/h-x86_64-mingw32/bin/../lib/gcc/nios2-elf/4.9.2/../../../../../H-x86_64-mingw32/nios2-elf/lib\libc.a(lib_a-makebuf.o)
                0x00000000040052f0                __smakebuf_r
 .text          0x00000000040054a8        0x0 f:/installs/altera/nios2eds/bin/gnu/h-x86_64-mingw32/bin/../lib/gcc/nios2-elf/4.9.2/../../../../../H-x86_64-mingw32/nios2-elf/lib\libc.a(lib_a-mallocr.o)
 .text._malloc_r
                0x00000000040054a8      0x7a8 f:/installs/altera/nios2eds/bin/gnu/h-x86_64-mingw32/bin/../lib/gcc/nios2-elf/4.9.2/../../../../../H-x86_64-mingw32/nios2-elf/lib\libc.a(lib_a-mallocr.o)
                0x00000000040054a8                _malloc_r
 .text          0x0000000004005c50        0x0 f:/installs/altera/nios2eds/bin/gnu/h-x86_64-mingw32/bin/../lib/gcc/nios2-elf/4.9.2/../../../../../H-x86_64-mingw32/nios2-elf/lib\libc.a(lib_a-memchr.o)
 .text.memchr   0x0000000004005c50       0xe8 f:/installs/altera/nios2eds/bin/gnu/h-x86_64-mingw32/bin/../lib/gcc/nios2-elf/4.9.2/../../../../../H-x86_64-mingw32/nios2-elf/lib\libc.a(lib_a-memchr.o)
                0x0000000004005c50                memchr
 .text          0x0000000004005d38        0x0 f:/installs/altera/nios2eds/bin/gnu/h-x86_64-mingw32/bin/../lib/gcc/nios2-elf/4.9.2/../../../../../H-x86_64-mingw32/nios2-elf/lib\libc.a(lib_a-memcpy.o)
 .text.memcpy   0x0000000004005d38      0x138 f:/installs/altera/nios2eds/bin/gnu/h-x86_64-mingw32/bin/../lib/gcc/nios2-elf/4.9.2/../../../../../H-x86_64-mingw32/nios2-elf/lib\libc.a(lib_a-memcpy.o)
                0x0000000004005d38                memcpy
 .text          0x0000000004005e70        0x0 f:/installs/altera/nios2eds/bin/gnu/h-x86_64-mingw32/bin/../lib/gcc/nios2-elf/4.9.2/../../../../../H-x86_64-mingw32/nios2-elf/lib\libc.a(lib_a-memmove.o)
 .text.memmove  0x0000000004005e70      0x15c f:/installs/altera/nios2eds/bin/gnu/h-x86_64-mingw32/bin/../lib/gcc/nios2-elf/4.9.2/../../../../../H-x86_64-mingw32/nios2-elf/lib\libc.a(lib_a-memmove.o)
                0x0000000004005e70                memmove
 .text          0x0000000004005fcc        0x0 f:/installs/altera/nios2eds/bin/gnu/h-x86_64-mingw32/bin/../lib/gcc/nios2-elf/4.9.2/../../../../../H-x86_64-mingw32/nios2-elf/lib\libc.a(lib_a-memset.o)
 .text.memset   0x0000000004005fcc      0x124 f:/installs/altera/nios2eds/bin/gnu/h-x86_64-mingw32/bin/../lib/gcc/nios2-elf/4.9.2/../../../../../H-x86_64-mingw32/nios2-elf/lib\libc.a(lib_a-memset.o)
                0x0000000004005fcc                memset
 .text          0x00000000040060f0        0x0 f:/installs/altera/nios2eds/bin/gnu/h-x86_64-mingw32/bin/../lib/gcc/nios2-elf/4.9.2/../../../../../H-x86_64-mingw32/nios2-elf/lib\libc.a(lib_a-mprec.o)
 .text._Balloc  0x00000000040060f0       0xa8 f:/installs/altera/nios2eds/bin/gnu/h-x86_64-mingw32/bin/../lib/gcc/nios2-elf/4.9.2/../../../../../H-x86_64-mingw32/nios2-elf/lib\libc.a(lib_a-mprec.o)
                0x00000000040060f0                _Balloc
 .text._Bfree   0x0000000004006198       0x28 f:/installs/altera/nios2eds/bin/gnu/h-x86_64-mingw32/bin/../lib/gcc/nios2-elf/4.9.2/../../../../../H-x86_64-mingw32/nios2-elf/lib\libc.a(lib_a-mprec.o)
                0x0000000004006198                _Bfree
 .text.__multadd
                0x00000000040061c0      0x120 f:/installs/altera/nios2eds/bin/gnu/h-x86_64-mingw32/bin/../lib/gcc/nios2-elf/4.9.2/../../../../../H-x86_64-mingw32/nios2-elf/lib\libc.a(lib_a-mprec.o)
                0x00000000040061c0                __multadd
 .text.__s2b    0x00000000040062e0      0x104 f:/installs/altera/nios2eds/bin/gnu/h-x86_64-mingw32/bin/../lib/gcc/nios2-elf/4.9.2/../../../../../H-x86_64-mingw32/nios2-elf/lib\libc.a(lib_a-mprec.o)
                0x00000000040062e0                __s2b
 .text.__hi0bits
                0x00000000040063e4       0x68 f:/installs/altera/nios2eds/bin/gnu/h-x86_64-mingw32/bin/../lib/gcc/nios2-elf/4.9.2/../../../../../H-x86_64-mingw32/nios2-elf/lib\libc.a(lib_a-mprec.o)
                0x00000000040063e4                __hi0bits
 .text.__lo0bits
                0x000000000400644c       0xb0 f:/installs/altera/nios2eds/bin/gnu/h-x86_64-mingw32/bin/../lib/gcc/nios2-elf/4.9.2/../../../../../H-x86_64-mingw32/nios2-elf/lib\libc.a(lib_a-mprec.o)
                0x000000000400644c                __lo0bits
 .text.__i2b    0x00000000040064fc       0x3c f:/installs/altera/nios2eds/bin/gnu/h-x86_64-mingw32/bin/../lib/gcc/nios2-elf/4.9.2/../../../../../H-x86_64-mingw32/nios2-elf/lib\libc.a(lib_a-mprec.o)
                0x00000000040064fc                __i2b
 .text.__multiply
                0x0000000004006538      0x1fc f:/installs/altera/nios2eds/bin/gnu/h-x86_64-mingw32/bin/../lib/gcc/nios2-elf/4.9.2/../../../../../H-x86_64-mingw32/nios2-elf/lib\libc.a(lib_a-mprec.o)
                0x0000000004006538                __multiply
 .text.__pow5mult
                0x0000000004006734      0x140 f:/installs/altera/nios2eds/bin/gnu/h-x86_64-mingw32/bin/../lib/gcc/nios2-elf/4.9.2/../../../../../H-x86_64-mingw32/nios2-elf/lib\libc.a(lib_a-mprec.o)
                0x0000000004006734                __pow5mult
 .text.__lshift
                0x0000000004006874      0x150 f:/installs/altera/nios2eds/bin/gnu/h-x86_64-mingw32/bin/../lib/gcc/nios2-elf/4.9.2/../../../../../H-x86_64-mingw32/nios2-elf/lib\libc.a(lib_a-mprec.o)
                0x0000000004006874                __lshift
 .text.__mcmp   0x00000000040069c4       0x60 f:/installs/altera/nios2eds/bin/gnu/h-x86_64-mingw32/bin/../lib/gcc/nios2-elf/4.9.2/../../../../../H-x86_64-mingw32/nios2-elf/lib\libc.a(lib_a-mprec.o)
                0x00000000040069c4                __mcmp
 .text.__mdiff  0x0000000004006a24      0x198 f:/installs/altera/nios2eds/bin/gnu/h-x86_64-mingw32/bin/../lib/gcc/nios2-elf/4.9.2/../../../../../H-x86_64-mingw32/nios2-elf/lib\libc.a(lib_a-mprec.o)
                0x0000000004006a24                __mdiff
 .text.__ulp    0x0000000004006bbc       0x60 f:/installs/altera/nios2eds/bin/gnu/h-x86_64-mingw32/bin/../lib/gcc/nios2-elf/4.9.2/../../../../../H-x86_64-mingw32/nios2-elf/lib\libc.a(lib_a-mprec.o)
                0x0000000004006bbc                __ulp
 .text.__b2d    0x0000000004006c1c      0x11c f:/installs/altera/nios2eds/bin/gnu/h-x86_64-mingw32/bin/../lib/gcc/nios2-elf/4.9.2/../../../../../H-x86_64-mingw32/nios2-elf/lib\libc.a(lib_a-mprec.o)
                0x0000000004006c1c                __b2d
 .text.__d2b    0x0000000004006d38      0x13c f:/installs/altera/nios2eds/bin/gnu/h-x86_64-mingw32/bin/../lib/gcc/nios2-elf/4.9.2/../../../../../H-x86_64-mingw32/nios2-elf/lib\libc.a(lib_a-mprec.o)
                0x0000000004006d38                __d2b
 .text.__ratio  0x0000000004006e74       0xa4 f:/installs/altera/nios2eds/bin/gnu/h-x86_64-mingw32/bin/../lib/gcc/nios2-elf/4.9.2/../../../../../H-x86_64-mingw32/nios2-elf/lib\libc.a(lib_a-mprec.o)
                0x0000000004006e74                __ratio
 .text._mprec_log10
                0x0000000004006f18       0x74 f:/installs/altera/nios2eds/bin/gnu/h-x86_64-mingw32/bin/../lib/gcc/nios2-elf/4.9.2/../../../../../H-x86_64-mingw32/nios2-elf/lib\libc.a(lib_a-mprec.o)
                0x0000000004006f18                _mprec_log10
 .text.__copybits
                0x0000000004006f8c       0x78 f:/installs/altera/nios2eds/bin/gnu/h-x86_64-mingw32/bin/../lib/gcc/nios2-elf/4.9.2/../../../../../H-x86_64-mingw32/nios2-elf/lib\libc.a(lib_a-mprec.o)
                0x0000000004006f8c                __copybits
 .text.__any_on
                0x0000000004007004       0x8c f:/installs/altera/nios2eds/bin/gnu/h-x86_64-mingw32/bin/../lib/gcc/nios2-elf/4.9.2/../../../../../H-x86_64-mingw32/nios2-elf/lib\libc.a(lib_a-mprec.o)
                0x0000000004007004                __any_on
 .text          0x0000000004007090        0x0 f:/installs/altera/nios2eds/bin/gnu/h-x86_64-mingw32/bin/../lib/gcc/nios2-elf/4.9.2/../../../../../H-x86_64-mingw32/nios2-elf/lib\libc.a(lib_a-reallocr.o)
 .text._realloc_r
                0x0000000004007090      0x568 f:/installs/altera/nios2eds/bin/gnu/h-x86_64-mingw32/bin/../lib/gcc/nios2-elf/4.9.2/../../../../../H-x86_64-mingw32/nios2-elf/lib\libc.a(lib_a-reallocr.o)
                0x0000000004007090                _realloc_r
 .text          0x00000000040075f8        0x0 f:/installs/altera/nios2eds/bin/gnu/h-x86_64-mingw32/bin/../lib/gcc/nios2-elf/4.9.2/../../../../../H-x86_64-mingw32/nios2-elf/lib\libc.a(lib_a-s_fpclassify.o)
 .text.__fpclassifyd
                0x00000000040075f8       0x74 f:/installs/altera/nios2eds/bin/gnu/h-x86_64-mingw32/bin/../lib/gcc/nios2-elf/4.9.2/../../../../../H-x86_64-mingw32/nios2-elf/lib\libc.a(lib_a-s_fpclassify.o)
                0x00000000040075f8                __fpclassifyd
 .text          0x000000000400766c        0x0 f:/installs/altera/nios2eds/bin/gnu/h-x86_64-mingw32/bin/../lib/gcc/nios2-elf/4.9.2/../../../../../H-x86_64-mingw32/nios2-elf/lib\libc.a(lib_a-sbrkr.o)
 .text._sbrk_r  0x000000000400766c       0x54 f:/installs/altera/nios2eds/bin/gnu/h-x86_64-mingw32/bin/../lib/gcc/nios2-elf/4.9.2/../../../../../H-x86_64-mingw32/nios2-elf/lib\libc.a(lib_a-sbrkr.o)
                0x000000000400766c                _sbrk_r
 .text          0x00000000040076c0        0x0 f:/installs/altera/nios2eds/bin/gnu/h-x86_64-mingw32/bin/../lib/gcc/nios2-elf/4.9.2/../../../../../H-x86_64-mingw32/nios2-elf/lib\libc.a(lib_a-stdio.o)
 .text.__sread  0x00000000040076c0       0x54 f:/installs/altera/nios2eds/bin/gnu/h-x86_64-mingw32/bin/../lib/gcc/nios2-elf/4.9.2/../../../../../H-x86_64-mingw32/nios2-elf/lib\libc.a(lib_a-stdio.o)
                0x00000000040076c0                __sread
 .text.__seofread
                0x0000000004007714        0x8 f:/installs/altera/nios2eds/bin/gnu/h-x86_64-mingw32/bin/../lib/gcc/nios2-elf/4.9.2/../../../../../H-x86_64-mingw32/nios2-elf/lib\libc.a(lib_a-stdio.o)
                0x0000000004007714                __seofread
 .text.__swrite
                0x000000000400771c       0x7c f:/installs/altera/nios2eds/bin/gnu/h-x86_64-mingw32/bin/../lib/gcc/nios2-elf/4.9.2/../../../../../H-x86_64-mingw32/nios2-elf/lib\libc.a(lib_a-stdio.o)
                0x000000000400771c                __swrite
 .text.__sseek  0x0000000004007798       0x5c f:/installs/altera/nios2eds/bin/gnu/h-x86_64-mingw32/bin/../lib/gcc/nios2-elf/4.9.2/../../../../../H-x86_64-mingw32/nios2-elf/lib\libc.a(lib_a-stdio.o)
                0x0000000004007798                __sseek
 .text.__sclose
                0x00000000040077f4        0x8 f:/installs/altera/nios2eds/bin/gnu/h-x86_64-mingw32/bin/../lib/gcc/nios2-elf/4.9.2/../../../../../H-x86_64-mingw32/nios2-elf/lib\libc.a(lib_a-stdio.o)
                0x00000000040077f4                __sclose
 .text          0x00000000040077fc        0x0 f:/installs/altera/nios2eds/bin/gnu/h-x86_64-mingw32/bin/../lib/gcc/nios2-elf/4.9.2/../../../../../H-x86_64-mingw32/nios2-elf/lib\libc.a(lib_a-strcmp.o)
 .text.strcmp   0x00000000040077fc       0xa4 f:/installs/altera/nios2eds/bin/gnu/h-x86_64-mingw32/bin/../lib/gcc/nios2-elf/4.9.2/../../../../../H-x86_64-mingw32/nios2-elf/lib\libc.a(lib_a-strcmp.o)
                0x00000000040077fc                strcmp
 .text          0x00000000040078a0        0x0 f:/installs/altera/nios2eds/bin/gnu/h-x86_64-mingw32/bin/../lib/gcc/nios2-elf/4.9.2/../../../../../H-x86_64-mingw32/nios2-elf/lib\libc.a(lib_a-vfiprintf.o)
 .text.__sprint_r.part.0
                0x00000000040078a0       0xfc f:/installs/altera/nios2eds/bin/gnu/h-x86_64-mingw32/bin/../lib/gcc/nios2-elf/4.9.2/../../../../../H-x86_64-mingw32/nios2-elf/lib\libc.a(lib_a-vfiprintf.o)
 .text.__sprint_r
                0x000000000400799c       0x18 f:/installs/altera/nios2eds/bin/gnu/h-x86_64-mingw32/bin/../lib/gcc/nios2-elf/4.9.2/../../../../../H-x86_64-mingw32/nios2-elf/lib\libc.a(lib_a-vfiprintf.o)
                0x000000000400799c                __sprint_r
 .text.___vfiprintf_internal_r
                0x00000000040079b4     0x12d0 f:/installs/altera/nios2eds/bin/gnu/h-x86_64-mingw32/bin/../lib/gcc/nios2-elf/4.9.2/../../../../../H-x86_64-mingw32/nios2-elf/lib\libc.a(lib_a-vfiprintf.o)
                0x00000000040079b4                ___vfiprintf_internal_r
 .text.__vfiprintf_internal
                0x0000000004008c84       0x24 f:/installs/altera/nios2eds/bin/gnu/h-x86_64-mingw32/bin/../lib/gcc/nios2-elf/4.9.2/../../../../../H-x86_64-mingw32/nios2-elf/lib\libc.a(lib_a-vfiprintf.o)
                0x0000000004008c84                __vfiprintf_internal
 .text.__sbprintf
                0x0000000004008ca8       0xbc f:/installs/altera/nios2eds/bin/gnu/h-x86_64-mingw32/bin/../lib/gcc/nios2-elf/4.9.2/../../../../../H-x86_64-mingw32/nios2-elf/lib\libc.a(lib_a-vfiprintf.o)
 .text          0x0000000004008d64        0x0 f:/installs/altera/nios2eds/bin/gnu/h-x86_64-mingw32/bin/../lib/gcc/nios2-elf/4.9.2/../../../../../H-x86_64-mingw32/nios2-elf/lib\libc.a(lib_a-writer.o)
 .text._write_r
                0x0000000004008d64       0x5c f:/installs/altera/nios2eds/bin/gnu/h-x86_64-mingw32/bin/../lib/gcc/nios2-elf/4.9.2/../../../../../H-x86_64-mingw32/nios2-elf/lib\libc.a(lib_a-writer.o)
                0x0000000004008d64                _write_r
 .text          0x0000000004008dc0        0x0 f:/installs/altera/nios2eds/bin/gnu/h-x86_64-mingw32/bin/../lib/gcc/nios2-elf/4.9.2/../../../../../H-x86_64-mingw32/nios2-elf/lib\libc.a(closer.o)
 .text._close_r
                0x0000000004008dc0       0x54 f:/installs/altera/nios2eds/bin/gnu/h-x86_64-mingw32/bin/../lib/gcc/nios2-elf/4.9.2/../../../../../H-x86_64-mingw32/nios2-elf/lib\libc.a(closer.o)
                0x0000000004008dc0                _close_r
 .text          0x0000000004008e14        0x0 f:/installs/altera/nios2eds/bin/gnu/h-x86_64-mingw32/bin/../lib/gcc/nios2-elf/4.9.2/../../../../../H-x86_64-mingw32/nios2-elf/lib\libc.a(lib_a-callocr.o)
 .text._calloc_r
                0x0000000004008e14       0xc4 f:/installs/altera/nios2eds/bin/gnu/h-x86_64-mingw32/bin/../lib/gcc/nios2-elf/4.9.2/../../../../../H-x86_64-mingw32/nios2-elf/lib\libc.a(lib_a-callocr.o)
                0x0000000004008e14                _calloc_r
 .text          0x0000000004008ed8        0x0 f:/installs/altera/nios2eds/bin/gnu/h-x86_64-mingw32/bin/../lib/gcc/nios2-elf/4.9.2/../../../../../H-x86_64-mingw32/nios2-elf/lib\libc.a(lib_a-fclose.o)
 .text._fclose_r
                0x0000000004008ed8       0xf0 f:/installs/altera/nios2eds/bin/gnu/h-x86_64-mingw32/bin/../lib/gcc/nios2-elf/4.9.2/../../../../../H-x86_64-mingw32/nios2-elf/lib\libc.a(lib_a-fclose.o)
                0x0000000004008ed8                _fclose_r
 .text.fclose   0x0000000004008fc8       0x14 f:/installs/altera/nios2eds/bin/gnu/h-x86_64-mingw32/bin/../lib/gcc/nios2-elf/4.9.2/../../../../../H-x86_64-mingw32/nios2-elf/lib\libc.a(lib_a-fclose.o)
                0x0000000004008fc8                fclose
 .text          0x0000000004008fdc        0x0 f:/installs/altera/nios2eds/bin/gnu/h-x86_64-mingw32/bin/../lib/gcc/nios2-elf/4.9.2/../../../../../H-x86_64-mingw32/nios2-elf/lib\libc.a(lib_a-fputwc.o)
 .text._fputwc_r
                0x0000000004008fdc      0x184 f:/installs/altera/nios2eds/bin/gnu/h-x86_64-mingw32/bin/../lib/gcc/nios2-elf/4.9.2/../../../../../H-x86_64-mingw32/nios2-elf/lib\libc.a(lib_a-fputwc.o)
                0x0000000004008fdc                _fputwc_r
 .text.fputwc   0x0000000004009160       0x5c f:/installs/altera/nios2eds/bin/gnu/h-x86_64-mingw32/bin/../lib/gcc/nios2-elf/4.9.2/../../../../../H-x86_64-mingw32/nios2-elf/lib\libc.a(lib_a-fputwc.o)
                0x0000000004009160                fputwc
 .text          0x00000000040091bc        0x0 f:/installs/altera/nios2eds/bin/gnu/h-x86_64-mingw32/bin/../lib/gcc/nios2-elf/4.9.2/../../../../../H-x86_64-mingw32/nios2-elf/lib\libc.a(lib_a-fstatr.o)
 .text._fstat_r
                0x00000000040091bc       0x58 f:/installs/altera/nios2eds/bin/gnu/h-x86_64-mingw32/bin/../lib/gcc/nios2-elf/4.9.2/../../../../../H-x86_64-mingw32/nios2-elf/lib\libc.a(lib_a-fstatr.o)
                0x00000000040091bc                _fstat_r
 .text          0x0000000004009214        0x0 f:/installs/altera/nios2eds/bin/gnu/h-x86_64-mingw32/bin/../lib/gcc/nios2-elf/4.9.2/../../../../../H-x86_64-mingw32/nios2-elf/lib\libc.a(lib_a-int_errno.o)
 .text          0x0000000004009214        0x0 f:/installs/altera/nios2eds/bin/gnu/h-x86_64-mingw32/bin/../lib/gcc/nios2-elf/4.9.2/../../../../../H-x86_64-mingw32/nios2-elf/lib\libc.a(lib_a-isattyr.o)
 .text._isatty_r
                0x0000000004009214       0x54 f:/installs/altera/nios2eds/bin/gnu/h-x86_64-mingw32/bin/../lib/gcc/nios2-elf/4.9.2/../../../../../H-x86_64-mingw32/nios2-elf/lib\libc.a(lib_a-isattyr.o)
                0x0000000004009214                _isatty_r
 .text          0x0000000004009268        0x0 f:/installs/altera/nios2eds/bin/gnu/h-x86_64-mingw32/bin/../lib/gcc/nios2-elf/4.9.2/../../../../../H-x86_64-mingw32/nios2-elf/lib\libc.a(lib_a-lseekr.o)
 .text._lseek_r
                0x0000000004009268       0x5c f:/installs/altera/nios2eds/bin/gnu/h-x86_64-mingw32/bin/../lib/gcc/nios2-elf/4.9.2/../../../../../H-x86_64-mingw32/nios2-elf/lib\libc.a(lib_a-lseekr.o)
                0x0000000004009268                _lseek_r
 .text          0x00000000040092c4        0x0 f:/installs/altera/nios2eds/bin/gnu/h-x86_64-mingw32/bin/../lib/gcc/nios2-elf/4.9.2/../../../../../H-x86_64-mingw32/nios2-elf/lib\libc.a(lib_a-readr.o)
 .text._read_r  0x00000000040092c4       0x5c f:/installs/altera/nios2eds/bin/gnu/h-x86_64-mingw32/bin/../lib/gcc/nios2-elf/4.9.2/../../../../../H-x86_64-mingw32/nios2-elf/lib\libc.a(lib_a-readr.o)
                0x00000000040092c4                _read_r
 .text          0x0000000004009320        0x0 f:/installs/altera/nios2eds/bin/gnu/h-x86_64-mingw32/bin/../lib/gcc/nios2-elf/4.9.2/../../../../../H-x86_64-mingw32/nios2-elf/lib\libc.a(lib_a-wbuf.o)
 .text.__swbuf_r
                0x0000000004009320      0x138 f:/installs/altera/nios2eds/bin/gnu/h-x86_64-mingw32/bin/../lib/gcc/nios2-elf/4.9.2/../../../../../H-x86_64-mingw32/nios2-elf/lib\libc.a(lib_a-wbuf.o)
                0x0000000004009320                __swbuf_r
 .text.__swbuf  0x0000000004009458       0x1c f:/installs/altera/nios2eds/bin/gnu/h-x86_64-mingw32/bin/../lib/gcc/nios2-elf/4.9.2/../../../../../H-x86_64-mingw32/nios2-elf/lib\libc.a(lib_a-wbuf.o)
                0x0000000004009458                __swbuf
 .text          0x0000000004009474        0x0 f:/installs/altera/nios2eds/bin/gnu/h-x86_64-mingw32/bin/../lib/gcc/nios2-elf/4.9.2/../../../../../H-x86_64-mingw32/nios2-elf/lib\libc.a(lib_a-wcrtomb.o)
 .text._wcrtomb_r
                0x0000000004009474       0x9c f:/installs/altera/nios2eds/bin/gnu/h-x86_64-mingw32/bin/../lib/gcc/nios2-elf/4.9.2/../../../../../H-x86_64-mingw32/nios2-elf/lib\libc.a(lib_a-wcrtomb.o)
                0x0000000004009474                _wcrtomb_r
 .text.wcrtomb  0x0000000004009510       0xc0 f:/installs/altera/nios2eds/bin/gnu/h-x86_64-mingw32/bin/../lib/gcc/nios2-elf/4.9.2/../../../../../H-x86_64-mingw32/nios2-elf/lib\libc.a(lib_a-wcrtomb.o)
                0x0000000004009510                wcrtomb
 .text          0x00000000040095d0        0x0 f:/installs/altera/nios2eds/bin/gnu/h-x86_64-mingw32/bin/../lib/gcc/nios2-elf/4.9.2/../../../../../H-x86_64-mingw32/nios2-elf/lib\libc.a(lib_a-wctomb_r.o)
 .text.__ascii_wctomb
                0x00000000040095d0       0x30 f:/installs/altera/nios2eds/bin/gnu/h-x86_64-mingw32/bin/../lib/gcc/nios2-elf/4.9.2/../../../../../H-x86_64-mingw32/nios2-elf/lib\libc.a(lib_a-wctomb_r.o)
                0x00000000040095d0                __ascii_wctomb
 .text._wctomb_r
                0x0000000004009600       0x5c f:/installs/altera/nios2eds/bin/gnu/h-x86_64-mingw32/bin/../lib/gcc/nios2-elf/4.9.2/../../../../../H-x86_64-mingw32/nios2-elf/lib\libc.a(lib_a-wctomb_r.o)
                0x0000000004009600                _wctomb_r
 .text          0x000000000400965c      0x5c0 f:/installs/altera/nios2eds/bin/gnu/h-x86_64-mingw32/bin/../lib/gcc/nios2-elf/4.9.2\libgcc.a(_udivdi3.o)
                0x000000000400965c                __udivdi3
 .text          0x0000000004009c1c      0x590 f:/installs/altera/nios2eds/bin/gnu/h-x86_64-mingw32/bin/../lib/gcc/nios2-elf/4.9.2\libgcc.a(_umoddi3.o)
                0x0000000004009c1c                __umoddi3
 .text          0x000000000400a1ac      0x12c f:/installs/altera/nios2eds/bin/gnu/h-x86_64-mingw32/bin/../lib/gcc/nios2-elf/4.9.2\libgcc.a(lib2-divmod.o)
                0x000000000400a218                __divsi3
                0x000000000400a26c                __modsi3
                0x000000000400a2c8                __udivsi3
                0x000000000400a2d0                __umodsi3
 .text          0x000000000400a2d8      0x89c f:/installs/altera/nios2eds/bin/gnu/h-x86_64-mingw32/bin/../lib/gcc/nios2-elf/4.9.2\libgcc.a(adddf3.o)
                0x000000000400a2d8                __adddf3
 .text          0x000000000400ab74      0x8cc f:/installs/altera/nios2eds/bin/gnu/h-x86_64-mingw32/bin/../lib/gcc/nios2-elf/4.9.2\libgcc.a(divdf3.o)
                0x000000000400ab74                __divdf3
 .text          0x000000000400b440       0x84 f:/installs/altera/nios2eds/bin/gnu/h-x86_64-mingw32/bin/../lib/gcc/nios2-elf/4.9.2\libgcc.a(eqdf2.o)
                0x000000000400b440                __nedf2
                0x000000000400b440                __eqdf2
 .text          0x000000000400b4c4       0xe0 f:/installs/altera/nios2eds/bin/gnu/h-x86_64-mingw32/bin/../lib/gcc/nios2-elf/4.9.2\libgcc.a(gedf2.o)
                0x000000000400b4c4                __gedf2
                0x000000000400b4c4                __gtdf2
 .text          0x000000000400b5a4       0xe0 f:/installs/altera/nios2eds/bin/gnu/h-x86_64-mingw32/bin/../lib/gcc/nios2-elf/4.9.2\libgcc.a(ledf2.o)
                0x000000000400b5a4                __ledf2
                0x000000000400b5a4                __ltdf2
 .text          0x000000000400b684      0x724 f:/installs/altera/nios2eds/bin/gnu/h-x86_64-mingw32/bin/../lib/gcc/nios2-elf/4.9.2\libgcc.a(muldf3.o)
                0x000000000400b684                __muldf3
 .text          0x000000000400bda8      0x8d0 f:/installs/altera/nios2eds/bin/gnu/h-x86_64-mingw32/bin/../lib/gcc/nios2-elf/4.9.2\libgcc.a(subdf3.o)
                0x000000000400bda8                __subdf3
 .text          0x000000000400c678       0x88 f:/installs/altera/nios2eds/bin/gnu/h-x86_64-mingw32/bin/../lib/gcc/nios2-elf/4.9.2\libgcc.a(fixdfsi.o)
                0x000000000400c678                __fixdfsi
 .text          0x000000000400c700       0xd0 f:/installs/altera/nios2eds/bin/gnu/h-x86_64-mingw32/bin/../lib/gcc/nios2-elf/4.9.2\libgcc.a(floatsidf.o)
                0x000000000400c700                __floatsidf
 .text          0x000000000400c7d0       0xa4 f:/installs/altera/nios2eds/bin/gnu/h-x86_64-mingw32/bin/../lib/gcc/nios2-elf/4.9.2\libgcc.a(floatunsidf.o)
                0x000000000400c7d0                __floatunsidf
 .text          0x000000000400c874        0x0 f:/installs/altera/nios2eds/bin/gnu/h-x86_64-mingw32/bin/../lib/gcc/nios2-elf/4.9.2\libgcc.a(_clz.o)
 .text          0x000000000400c874       0x64 f:/installs/altera/nios2eds/bin/gnu/h-x86_64-mingw32/bin/../lib/gcc/nios2-elf/4.9.2\libgcc.a(_clzsi2.o)
                0x000000000400c874                __clzsi2
 .text          0x000000000400c8d8      0x120 ../CodesignProject_bsp/\libhal_bsp.a(alt_close.o)
                0x000000000400c928                close
 .text          0x000000000400c9f8       0x2c ../CodesignProject_bsp/\libhal_bsp.a(alt_dev.o)
 .text          0x000000000400ca24        0x0 ../CodesignProject_bsp/\libhal_bsp.a(alt_errno.o)
 .text          0x000000000400ca24      0x100 ../CodesignProject_bsp/\libhal_bsp.a(alt_fstat.o)
                0x000000000400ca74                fstat
 .text          0x000000000400cb24      0x1b0 ../CodesignProject_bsp/\libhal_bsp.a(alt_irq_register.o)
                0x000000000400cb24                alt_irq_register
 .text          0x000000000400ccd4        0x0 ../CodesignProject_bsp/\libhal_bsp.a(alt_irq_vars.o)
 .text          0x000000000400ccd4       0xf4 ../CodesignProject_bsp/\libhal_bsp.a(alt_isatty.o)
                0x000000000400cd24                isatty
 .text          0x000000000400cdc8       0xe4 ../CodesignProject_bsp/\libhal_bsp.a(alt_load.o)
                0x000000000400ce2c                alt_load
 .text          0x000000000400ceac      0x124 ../CodesignProject_bsp/\libhal_bsp.a(alt_lseek.o)
                0x000000000400cefc                lseek
 .text          0x000000000400cfd0       0x68 ../CodesignProject_bsp/\libhal_bsp.a(alt_main.o)
                0x000000000400cfd0                alt_main
 .text          0x000000000400d038       0x40 ../CodesignProject_bsp/\libhal_bsp.a(alt_malloc_lock.o)
                0x000000000400d038                __malloc_lock
                0x000000000400d058                __malloc_unlock
 .text          0x000000000400d078      0x14c ../CodesignProject_bsp/\libhal_bsp.a(alt_read.o)
                0x000000000400d0c8                read
 .text          0x000000000400d1c4       0x60 ../CodesignProject_bsp/\libhal_bsp.a(alt_release_fd.o)
                0x000000000400d1c4                alt_release_fd
 .text          0x000000000400d224       0xb0 ../CodesignProject_bsp/\libhal_bsp.a(alt_sbrk.o)
                0x000000000400d224                sbrk
 .text          0x000000000400d2d4       0x30 ../CodesignProject_bsp/\libhal_bsp.a(alt_usleep.o)
                0x000000000400d2d4                usleep
 .text          0x000000000400d304      0x148 ../CodesignProject_bsp/\libhal_bsp.a(alt_write.o)
                0x000000000400d354                write
 .text          0x000000000400d44c       0xcc ../CodesignProject_bsp/\libhal_bsp.a(alt_sys_init.o)
                0x000000000400d484                alt_irq_init
                0x000000000400d4b8                alt_sys_init
 .text          0x000000000400d518      0x164 ../CodesignProject_bsp/\libhal_bsp.a(altera_avalon_jtag_uart_fd.o)
                0x000000000400d518                altera_avalon_jtag_uart_read_fd
                0x000000000400d578                altera_avalon_jtag_uart_write_fd
                0x000000000400d5d8                altera_avalon_jtag_uart_close_fd
                0x000000000400d628                altera_avalon_jtag_uart_ioctl_fd
 .text          0x000000000400d67c      0x3d8 ../CodesignProject_bsp/\libhal_bsp.a(altera_avalon_jtag_uart_init.o)
                0x000000000400d67c                altera_avalon_jtag_uart_init
                0x000000000400d9ec                altera_avalon_jtag_uart_close
 .text          0x000000000400da54       0xec ../CodesignProject_bsp/\libhal_bsp.a(altera_avalon_jtag_uart_ioctl.o)
                0x000000000400da54                altera_avalon_jtag_uart_ioctl
 .text          0x000000000400db40      0x20c ../CodesignProject_bsp/\libhal_bsp.a(altera_avalon_jtag_uart_read.o)
                0x000000000400db40                altera_avalon_jtag_uart_read
 .text          0x000000000400dd4c      0x218 ../CodesignProject_bsp/\libhal_bsp.a(altera_avalon_jtag_uart_write.o)
                0x000000000400dd4c                altera_avalon_jtag_uart_write
 .text          0x000000000400df64       0xfc ../CodesignProject_bsp/\libhal_bsp.a(altera_avalon_timer_sc.o)
                0x000000000400dfd8                alt_avalon_timer_sc_init
 .text          0x000000000400e060      0x140 ../CodesignProject_bsp/\libhal_bsp.a(alt_alarm_start.o)
                0x000000000400e060                alt_alarm_start
 .text          0x000000000400e1a0      0x158 ../CodesignProject_bsp/\libhal_bsp.a(alt_busy_sleep.o)
                0x000000000400e1a0                alt_busy_sleep
 .text          0x000000000400e2f8       0x44 ../CodesignProject_bsp/\libhal_bsp.a(alt_dcache_flush_all.o)
                0x000000000400e2f8                alt_dcache_flush_all
 .text          0x000000000400e33c       0xf4 ../CodesignProject_bsp/\libhal_bsp.a(alt_dev_llist_insert.o)
                0x000000000400e38c                alt_dev_llist_insert
 .text          0x000000000400e430       0x30 ../CodesignProject_bsp/\libhal_bsp.a(alt_icache_flush_all.o)
                0x000000000400e430                alt_icache_flush_all
 .text          0x000000000400e460      0x1e0 ../CodesignProject_bsp/\libhal_bsp.a(alt_iic.o)
                0x000000000400e460                alt_ic_isr_register
                0x000000000400e4b0                alt_ic_irq_enable
                0x000000000400e550                alt_ic_irq_disable
                0x000000000400e5f4                alt_ic_irq_enabled
 .text          0x000000000400e640       0xf0 ../CodesignProject_bsp/\libhal_bsp.a(alt_iic_isr_register.o)
                0x000000000400e640                alt_iic_isr_register
 .text          0x000000000400e730      0x138 ../CodesignProject_bsp/\libhal_bsp.a(alt_io_redirect.o)
                0x000000000400e7f0                alt_io_redirect
 .text          0x000000000400e868        0x0 ../CodesignProject_bsp/\libhal_bsp.a(alt_irq_entry.o)
 .text          0x000000000400e868        0x0 ../CodesignProject_bsp/\libhal_bsp.a(alt_irq_handler.o)
 .text          0x000000000400e868      0x274 ../CodesignProject_bsp/\libhal_bsp.a(alt_open.o)
                0x000000000400e984                open
 .text          0x000000000400eadc      0x19c ../CodesignProject_bsp/\libhal_bsp.a(alt_tick.o)
                0x000000000400eadc                alt_alarm_stop
                0x000000000400eb74                alt_tick
 .text          0x000000000400ec78       0x20 ../CodesignProject_bsp/\libhal_bsp.a(altera_nios2_gen2_irq.o)
                0x000000000400ec78                altera_nios2_gen2_irq_init
 .text          0x000000000400ec98        0x0 ../CodesignProject_bsp/\libhal_bsp.a(alt_exception_entry.o)
 .text          0x000000000400ec98       0x90 ../CodesignProject_bsp/\libhal_bsp.a(alt_find_dev.o)
                0x000000000400ec98                alt_find_dev
 .text          0x000000000400ed28      0x114 ../CodesignProject_bsp/\libhal_bsp.a(alt_find_file.o)
                0x000000000400ed28                alt_find_file
 .text          0x000000000400ee3c       0xb4 ../CodesignProject_bsp/\libhal_bsp.a(alt_get_fd.o)
                0x000000000400ee3c                alt_get_fd
 .text          0x000000000400eef0       0x8c ../CodesignProject_bsp/\libhal_bsp.a(alt_icache_flush.o)
                0x000000000400eef0                alt_icache_flush
 .text          0x000000000400ef7c       0x9c ../CodesignProject_bsp/\libhal_bsp.a(alt_instruction_exception_entry.o)
                0x000000000400ef7c                alt_exception_cause_generated_bad_addr
 .text          0x000000000400f018        0x0 f:/installs/altera/nios2eds/bin/gnu/h-x86_64-mingw32/bin/../lib/gcc/nios2-elf/4.9.2/../../../../../H-x86_64-mingw32/nios2-elf/lib\libc.a(lib_a-exit.o)
 .text.exit     0x000000000400f018       0x38 f:/installs/altera/nios2eds/bin/gnu/h-x86_64-mingw32/bin/../lib/gcc/nios2-elf/4.9.2/../../../../../H-x86_64-mingw32/nios2-elf/lib\libc.a(lib_a-exit.o)
                0x000000000400f018                exit
 .text          0x000000000400f050        0x0 f:/installs/altera/nios2eds/bin/gnu/h-x86_64-mingw32/bin/../lib/gcc/nios2-elf/4.9.2/../../../../../H-x86_64-mingw32/nios2-elf/lib\libc.a(lib_a-memcmp.o)
 .text.memcmp   0x000000000400f050       0x7c f:/installs/altera/nios2eds/bin/gnu/h-x86_64-mingw32/bin/../lib/gcc/nios2-elf/4.9.2/../../../../../H-x86_64-mingw32/nios2-elf/lib\libc.a(lib_a-memcmp.o)
                0x000000000400f050                memcmp
 .text          0x000000000400f0cc        0x0 f:/installs/altera/nios2eds/bin/gnu/h-x86_64-mingw32/bin/../lib/gcc/nios2-elf/4.9.2/../../../../../H-x86_64-mingw32/nios2-elf/lib\libc.a(lib_a-__call_atexit.o)
 .text.__call_exitprocs
                0x000000000400f0cc      0x194 f:/installs/altera/nios2eds/bin/gnu/h-x86_64-mingw32/bin/../lib/gcc/nios2-elf/4.9.2/../../../../../H-x86_64-mingw32/nios2-elf/lib\libc.a(lib_a-__call_atexit.o)
                0x000000000400f0cc                __call_exitprocs
 .text          0x000000000400f260       0x34 ../CodesignProject_bsp/\libhal_bsp.a(alt_exit.o)
                0x000000000400f260                _exit
 *(.gnu.warning.*)
 *(.fini)
                0x000000000400f294                PROVIDE (__etext, ABSOLUTE (.))
                0x000000000400f294                PROVIDE (_etext, ABSOLUTE (.))
                0x000000000400f294                PROVIDE (etext, ABSOLUTE (.))
 *(.eh_frame_hdr)
                0x000000000400f294                . = ALIGN (0x4)
                0x000000000400f294                PROVIDE (__preinit_array_start, ABSOLUTE (.))
 *(.preinit_array)
                0x000000000400f294                PROVIDE (__preinit_array_end, ABSOLUTE (.))
                0x000000000400f294                PROVIDE (__init_array_start, ABSOLUTE (.))
 *(.init_array)
                0x000000000400f294                PROVIDE (__init_array_end, ABSOLUTE (.))
                0x000000000400f294                PROVIDE (__fini_array_start, ABSOLUTE (.))
 *(.fini_array)
                0x000000000400f294                PROVIDE (__fini_array_end, ABSOLUTE (.))
 *(.eh_frame)
 *(.gcc_except_table .gcc_except_table.*)
 *(.dynamic)
                0x000000000400f294                PROVIDE (__CTOR_LIST__, ABSOLUTE (.))
 *(.ctors)
 *(SORT(.ctors.*))
                0x000000000400f294                PROVIDE (__CTOR_END__, ABSOLUTE (.))
                0x000000000400f294                PROVIDE (__DTOR_LIST__, ABSOLUTE (.))
 *(.dtors)
 *(SORT(.dtors.*))
                0x000000000400f294                PROVIDE (__DTOR_END__, ABSOLUTE (.))
 *(.jcr)
                0x000000000400f294                . = ALIGN (0x4)

.rodata         0x000000000400f294      0x3f8
                0x000000000400f294                PROVIDE (__ram_rodata_start, ABSOLUTE (.))
                0x000000000400f294                . = ALIGN (0x4)
 *(.rodata .rodata.* .gnu.linkonce.r.*)
 .rodata        0x000000000400f294      0x100 obj/default/main.o
 .rodata.str1.4
                0x000000000400f394        0x2 f:/installs/altera/nios2eds/bin/gnu/h-x86_64-mingw32/bin/../lib/gcc/nios2-elf/4.9.2/../../../../../H-x86_64-mingw32/nios2-elf/lib\libc.a(lib_a-puts.o)
                                          0x4 (size before relaxing)
 *fill*         0x000000000400f396        0x2 
 .rodata.str1.4
                0x000000000400f398       0x42 f:/installs/altera/nios2eds/bin/gnu/h-x86_64-mingw32/bin/../lib/gcc/nios2-elf/4.9.2/../../../../../H-x86_64-mingw32/nios2-elf/lib\libc.a(lib_a-vfprintf.o)
                                         0x44 (size before relaxing)
 .rodata.zeroes.4255
                0x000000000400f3da       0x10 f:/installs/altera/nios2eds/bin/gnu/h-x86_64-mingw32/bin/../lib/gcc/nios2-elf/4.9.2/../../../../../H-x86_64-mingw32/nios2-elf/lib\libc.a(lib_a-vfprintf.o)
 .rodata.blanks.4254
                0x000000000400f3ea       0x10 f:/installs/altera/nios2eds/bin/gnu/h-x86_64-mingw32/bin/../lib/gcc/nios2-elf/4.9.2/../../../../../H-x86_64-mingw32/nios2-elf/lib\libc.a(lib_a-vfprintf.o)
 *fill*         0x000000000400f3fa        0x2 
 .rodata.str1.4
                0x000000000400f3fc       0x10 f:/installs/altera/nios2eds/bin/gnu/h-x86_64-mingw32/bin/../lib/gcc/nios2-elf/4.9.2/../../../../../H-x86_64-mingw32/nios2-elf/lib\libc.a(lib_a-dtoa.o)
                                         0x14 (size before relaxing)
 .rodata.str1.4
                0x000000000400f40c        0x2 f:/installs/altera/nios2eds/bin/gnu/h-x86_64-mingw32/bin/../lib/gcc/nios2-elf/4.9.2/../../../../../H-x86_64-mingw32/nios2-elf/lib\libc.a(lib_a-impure.o)
                                          0x4 (size before relaxing)
 *fill*         0x000000000400f40e        0x2 
 .rodata.str1.4
                0x000000000400f410        0xc f:/installs/altera/nios2eds/bin/gnu/h-x86_64-mingw32/bin/../lib/gcc/nios2-elf/4.9.2/../../../../../H-x86_64-mingw32/nios2-elf/lib\libc.a(lib_a-locale.o)
                                         0x14 (size before relaxing)
 .rodata.p05.2710
                0x000000000400f41c        0xc f:/installs/altera/nios2eds/bin/gnu/h-x86_64-mingw32/bin/../lib/gcc/nios2-elf/4.9.2/../../../../../H-x86_64-mingw32/nios2-elf/lib\libc.a(lib_a-mprec.o)
 .rodata.__mprec_tinytens
                0x000000000400f428       0x28 f:/installs/altera/nios2eds/bin/gnu/h-x86_64-mingw32/bin/../lib/gcc/nios2-elf/4.9.2/../../../../../H-x86_64-mingw32/nios2-elf/lib\libc.a(lib_a-mprec.o)
                0x000000000400f428                __mprec_tinytens
 .rodata.__mprec_bigtens
                0x000000000400f450       0x28 f:/installs/altera/nios2eds/bin/gnu/h-x86_64-mingw32/bin/../lib/gcc/nios2-elf/4.9.2/../../../../../H-x86_64-mingw32/nios2-elf/lib\libc.a(lib_a-mprec.o)
                0x000000000400f450                __mprec_bigtens
 .rodata.__mprec_tens
                0x000000000400f478       0xc8 f:/installs/altera/nios2eds/bin/gnu/h-x86_64-mingw32/bin/../lib/gcc/nios2-elf/4.9.2/../../../../../H-x86_64-mingw32/nios2-elf/lib\libc.a(lib_a-mprec.o)
                0x000000000400f478                __mprec_tens
 .rodata.str1.4
                0x0000000000000000       0x30 f:/installs/altera/nios2eds/bin/gnu/h-x86_64-mingw32/bin/../lib/gcc/nios2-elf/4.9.2/../../../../../H-x86_64-mingw32/nios2-elf/lib\libc.a(lib_a-vfiprintf.o)
 .rodata.zeroes.4200
                0x000000000400f540       0x10 f:/installs/altera/nios2eds/bin/gnu/h-x86_64-mingw32/bin/../lib/gcc/nios2-elf/4.9.2/../../../../../H-x86_64-mingw32/nios2-elf/lib\libc.a(lib_a-vfiprintf.o)
 .rodata.blanks.4199
                0x000000000400f550       0x10 f:/installs/altera/nios2eds/bin/gnu/h-x86_64-mingw32/bin/../lib/gcc/nios2-elf/4.9.2/../../../../../H-x86_64-mingw32/nios2-elf/lib\libc.a(lib_a-vfiprintf.o)
 .rodata        0x000000000400f560      0x100 f:/installs/altera/nios2eds/bin/gnu/h-x86_64-mingw32/bin/../lib/gcc/nios2-elf/4.9.2\libgcc.a(_clz.o)
                0x000000000400f560                __clz_tab
 .rodata        0x000000000400f660        0xc ../CodesignProject_bsp/\libhal_bsp.a(alt_dev.o)
 .rodata        0x000000000400f66c       0x10 ../CodesignProject_bsp/\libhal_bsp.a(alt_main.o)
 .rodata        0x000000000400f67c       0x10 ../CodesignProject_bsp/\libhal_bsp.a(alt_sys_init.o)
 *(.rodata1)
                0x000000000400f68c                . = ALIGN (0x4)
                0x000000000400f68c                PROVIDE (__ram_rodata_end, ABSOLUTE (.))
                0x000000000400f294                PROVIDE (__flash_rodata_start, LOADADDR (.rodata))

.rwdata         0x000000000400f68c     0x1aec load address 0x0000000004011178
                0x000000000400f68c                PROVIDE (__ram_rwdata_start, ABSOLUTE (.))
                0x000000000400f68c                . = ALIGN (0x4)
 *(.got.plt)
 *(.got)
 *(.data1)
 *(.data .data.* .gnu.linkonce.d.*)
 .data          0x000000000400f68c        0x0 ../CodesignProject_bsp//obj/HAL/src/crt0.o
 .data          0x000000000400f68c        0x0 obj/default/main.o
 .data          0x000000000400f68c        0x0 f:/installs/altera/nios2eds/bin/gnu/h-x86_64-mingw32/bin/../lib/gcc/nios2-elf/4.9.2/../../../../../H-x86_64-mingw32/nios2-elf/lib\libc.a(lib_a-printf.o)
 .data          0x000000000400f68c        0x0 f:/installs/altera/nios2eds/bin/gnu/h-x86_64-mingw32/bin/../lib/gcc/nios2-elf/4.9.2/../../../../../H-x86_64-mingw32/nios2-elf/lib\libc.a(lib_a-puts.o)
 .data          0x000000000400f68c        0x0 f:/installs/altera/nios2eds/bin/gnu/h-x86_64-mingw32/bin/../lib/gcc/nios2-elf/4.9.2/../../../../../H-x86_64-mingw32/nios2-elf/lib\libc.a(lib_a-strlen.o)
 .data          0x000000000400f68c        0x0 f:/installs/altera/nios2eds/bin/gnu/h-x86_64-mingw32/bin/../lib/gcc/nios2-elf/4.9.2/../../../../../H-x86_64-mingw32/nios2-elf/lib\libc.a(lib_a-vfprintf.o)
 .data          0x000000000400f68c        0x0 f:/installs/altera/nios2eds/bin/gnu/h-x86_64-mingw32/bin/../lib/gcc/nios2-elf/4.9.2/../../../../../H-x86_64-mingw32/nios2-elf/lib\libc.a(lib_a-wsetup.o)
 .data          0x000000000400f68c        0x0 f:/installs/altera/nios2eds/bin/gnu/h-x86_64-mingw32/bin/../lib/gcc/nios2-elf/4.9.2/../../../../../H-x86_64-mingw32/nios2-elf/lib\libc.a(lib_a-dtoa.o)
 .data          0x000000000400f68c        0x0 f:/installs/altera/nios2eds/bin/gnu/h-x86_64-mingw32/bin/../lib/gcc/nios2-elf/4.9.2/../../../../../H-x86_64-mingw32/nios2-elf/lib\libc.a(lib_a-fflush.o)
 .data          0x000000000400f68c        0x0 f:/installs/altera/nios2eds/bin/gnu/h-x86_64-mingw32/bin/../lib/gcc/nios2-elf/4.9.2/../../../../../H-x86_64-mingw32/nios2-elf/lib\libc.a(lib_a-findfp.o)
 .data          0x000000000400f68c        0x0 f:/installs/altera/nios2eds/bin/gnu/h-x86_64-mingw32/bin/../lib/gcc/nios2-elf/4.9.2/../../../../../H-x86_64-mingw32/nios2-elf/lib\libc.a(lib_a-freer.o)
 .data          0x000000000400f68c        0x0 f:/installs/altera/nios2eds/bin/gnu/h-x86_64-mingw32/bin/../lib/gcc/nios2-elf/4.9.2/../../../../../H-x86_64-mingw32/nios2-elf/lib\libc.a(lib_a-fvwrite.o)
 .data          0x000000000400f68c        0x0 f:/installs/altera/nios2eds/bin/gnu/h-x86_64-mingw32/bin/../lib/gcc/nios2-elf/4.9.2/../../../../../H-x86_64-mingw32/nios2-elf/lib\libc.a(lib_a-fwalk.o)
 .data          0x000000000400f68c        0x0 f:/installs/altera/nios2eds/bin/gnu/h-x86_64-mingw32/bin/../lib/gcc/nios2-elf/4.9.2/../../../../../H-x86_64-mingw32/nios2-elf/lib\libc.a(lib_a-impure.o)
 .data.impure_data
                0x000000000400f68c      0x424 f:/installs/altera/nios2eds/bin/gnu/h-x86_64-mingw32/bin/../lib/gcc/nios2-elf/4.9.2/../../../../../H-x86_64-mingw32/nios2-elf/lib\libc.a(lib_a-impure.o)
 .data          0x000000000400fab0        0x0 f:/installs/altera/nios2eds/bin/gnu/h-x86_64-mingw32/bin/../lib/gcc/nios2-elf/4.9.2/../../../../../H-x86_64-mingw32/nios2-elf/lib\libc.a(lib_a-locale.o)
 .data.lc_message_charset
                0x000000000400fab0       0x20 f:/installs/altera/nios2eds/bin/gnu/h-x86_64-mingw32/bin/../lib/gcc/nios2-elf/4.9.2/../../../../../H-x86_64-mingw32/nios2-elf/lib\libc.a(lib_a-locale.o)
 .data.lc_ctype_charset
                0x000000000400fad0       0x20 f:/installs/altera/nios2eds/bin/gnu/h-x86_64-mingw32/bin/../lib/gcc/nios2-elf/4.9.2/../../../../../H-x86_64-mingw32/nios2-elf/lib\libc.a(lib_a-locale.o)
 .data.lconv    0x000000000400faf0       0x38 f:/installs/altera/nios2eds/bin/gnu/h-x86_64-mingw32/bin/../lib/gcc/nios2-elf/4.9.2/../../../../../H-x86_64-mingw32/nios2-elf/lib\libc.a(lib_a-locale.o)
 .data          0x000000000400fb28        0x0 f:/installs/altera/nios2eds/bin/gnu/h-x86_64-mingw32/bin/../lib/gcc/nios2-elf/4.9.2/../../../../../H-x86_64-mingw32/nios2-elf/lib\libc.a(lib_a-makebuf.o)
 .data          0x000000000400fb28        0x0 f:/installs/altera/nios2eds/bin/gnu/h-x86_64-mingw32/bin/../lib/gcc/nios2-elf/4.9.2/../../../../../H-x86_64-mingw32/nios2-elf/lib\libc.a(lib_a-mallocr.o)
 .data.__malloc_av_
                0x000000000400fb28      0x408 f:/installs/altera/nios2eds/bin/gnu/h-x86_64-mingw32/bin/../lib/gcc/nios2-elf/4.9.2/../../../../../H-x86_64-mingw32/nios2-elf/lib\libc.a(lib_a-mallocr.o)
                0x000000000400fb28                __malloc_av_
 .data          0x000000000400ff30        0x0 f:/installs/altera/nios2eds/bin/gnu/h-x86_64-mingw32/bin/../lib/gcc/nios2-elf/4.9.2/../../../../../H-x86_64-mingw32/nios2-elf/lib\libc.a(lib_a-memchr.o)
 .data          0x000000000400ff30        0x0 f:/installs/altera/nios2eds/bin/gnu/h-x86_64-mingw32/bin/../lib/gcc/nios2-elf/4.9.2/../../../../../H-x86_64-mingw32/nios2-elf/lib\libc.a(lib_a-memcpy.o)
 .data          0x000000000400ff30        0x0 f:/installs/altera/nios2eds/bin/gnu/h-x86_64-mingw32/bin/../lib/gcc/nios2-elf/4.9.2/../../../../../H-x86_64-mingw32/nios2-elf/lib\libc.a(lib_a-memmove.o)
 .data          0x000000000400ff30        0x0 f:/installs/altera/nios2eds/bin/gnu/h-x86_64-mingw32/bin/../lib/gcc/nios2-elf/4.9.2/../../../../../H-x86_64-mingw32/nios2-elf/lib\libc.a(lib_a-memset.o)
 .data          0x000000000400ff30        0x0 f:/installs/altera/nios2eds/bin/gnu/h-x86_64-mingw32/bin/../lib/gcc/nios2-elf/4.9.2/../../../../../H-x86_64-mingw32/nios2-elf/lib\libc.a(lib_a-mprec.o)
 .data          0x000000000400ff30        0x0 f:/installs/altera/nios2eds/bin/gnu/h-x86_64-mingw32/bin/../lib/gcc/nios2-elf/4.9.2/../../../../../H-x86_64-mingw32/nios2-elf/lib\libc.a(lib_a-reallocr.o)
 .data          0x000000000400ff30        0x0 f:/installs/altera/nios2eds/bin/gnu/h-x86_64-mingw32/bin/../lib/gcc/nios2-elf/4.9.2/../../../../../H-x86_64-mingw32/nios2-elf/lib\libc.a(lib_a-s_fpclassify.o)
 .data          0x000000000400ff30        0x0 f:/installs/altera/nios2eds/bin/gnu/h-x86_64-mingw32/bin/../lib/gcc/nios2-elf/4.9.2/../../../../../H-x86_64-mingw32/nios2-elf/lib\libc.a(lib_a-sbrkr.o)
 .data          0x000000000400ff30        0x0 f:/installs/altera/nios2eds/bin/gnu/h-x86_64-mingw32/bin/../lib/gcc/nios2-elf/4.9.2/../../../../../H-x86_64-mingw32/nios2-elf/lib\libc.a(lib_a-stdio.o)
 .data          0x000000000400ff30        0x0 f:/installs/altera/nios2eds/bin/gnu/h-x86_64-mingw32/bin/../lib/gcc/nios2-elf/4.9.2/../../../../../H-x86_64-mingw32/nios2-elf/lib\libc.a(lib_a-strcmp.o)
 .data          0x000000000400ff30        0x0 f:/installs/altera/nios2eds/bin/gnu/h-x86_64-mingw32/bin/../lib/gcc/nios2-elf/4.9.2/../../../../../H-x86_64-mingw32/nios2-elf/lib\libc.a(lib_a-vfiprintf.o)
 .data          0x000000000400ff30        0x0 f:/installs/altera/nios2eds/bin/gnu/h-x86_64-mingw32/bin/../lib/gcc/nios2-elf/4.9.2/../../../../../H-x86_64-mingw32/nios2-elf/lib\libc.a(lib_a-writer.o)
 .data          0x000000000400ff30        0x0 f:/installs/altera/nios2eds/bin/gnu/h-x86_64-mingw32/bin/../lib/gcc/nios2-elf/4.9.2/../../../../../H-x86_64-mingw32/nios2-elf/lib\libc.a(closer.o)
 .data          0x000000000400ff30        0x0 f:/installs/altera/nios2eds/bin/gnu/h-x86_64-mingw32/bin/../lib/gcc/nios2-elf/4.9.2/../../../../../H-x86_64-mingw32/nios2-elf/lib\libc.a(lib_a-callocr.o)
 .data          0x000000000400ff30        0x0 f:/installs/altera/nios2eds/bin/gnu/h-x86_64-mingw32/bin/../lib/gcc/nios2-elf/4.9.2/../../../../../H-x86_64-mingw32/nios2-elf/lib\libc.a(lib_a-fclose.o)
 .data          0x000000000400ff30        0x0 f:/installs/altera/nios2eds/bin/gnu/h-x86_64-mingw32/bin/../lib/gcc/nios2-elf/4.9.2/../../../../../H-x86_64-mingw32/nios2-elf/lib\libc.a(lib_a-fputwc.o)
 .data          0x000000000400ff30        0x0 f:/installs/altera/nios2eds/bin/gnu/h-x86_64-mingw32/bin/../lib/gcc/nios2-elf/4.9.2/../../../../../H-x86_64-mingw32/nios2-elf/lib\libc.a(lib_a-fstatr.o)
 .data          0x000000000400ff30        0x0 f:/installs/altera/nios2eds/bin/gnu/h-x86_64-mingw32/bin/../lib/gcc/nios2-elf/4.9.2/../../../../../H-x86_64-mingw32/nios2-elf/lib\libc.a(lib_a-int_errno.o)
 .data          0x000000000400ff30        0x0 f:/installs/altera/nios2eds/bin/gnu/h-x86_64-mingw32/bin/../lib/gcc/nios2-elf/4.9.2/../../../../../H-x86_64-mingw32/nios2-elf/lib\libc.a(lib_a-isattyr.o)
 .data          0x000000000400ff30        0x0 f:/installs/altera/nios2eds/bin/gnu/h-x86_64-mingw32/bin/../lib/gcc/nios2-elf/4.9.2/../../../../../H-x86_64-mingw32/nios2-elf/lib\libc.a(lib_a-lseekr.o)
 .data          0x000000000400ff30        0x0 f:/installs/altera/nios2eds/bin/gnu/h-x86_64-mingw32/bin/../lib/gcc/nios2-elf/4.9.2/../../../../../H-x86_64-mingw32/nios2-elf/lib\libc.a(lib_a-readr.o)
 .data          0x000000000400ff30        0x0 f:/installs/altera/nios2eds/bin/gnu/h-x86_64-mingw32/bin/../lib/gcc/nios2-elf/4.9.2/../../../../../H-x86_64-mingw32/nios2-elf/lib\libc.a(lib_a-wbuf.o)
 .data          0x000000000400ff30        0x0 f:/installs/altera/nios2eds/bin/gnu/h-x86_64-mingw32/bin/../lib/gcc/nios2-elf/4.9.2/../../../../../H-x86_64-mingw32/nios2-elf/lib\libc.a(lib_a-wcrtomb.o)
 .data          0x000000000400ff30        0x0 f:/installs/altera/nios2eds/bin/gnu/h-x86_64-mingw32/bin/../lib/gcc/nios2-elf/4.9.2/../../../../../H-x86_64-mingw32/nios2-elf/lib\libc.a(lib_a-wctomb_r.o)
 .data          0x000000000400ff30        0x0 f:/installs/altera/nios2eds/bin/gnu/h-x86_64-mingw32/bin/../lib/gcc/nios2-elf/4.9.2\libgcc.a(_udivdi3.o)
 .data          0x000000000400ff30        0x0 f:/installs/altera/nios2eds/bin/gnu/h-x86_64-mingw32/bin/../lib/gcc/nios2-elf/4.9.2\libgcc.a(_umoddi3.o)
 .data          0x000000000400ff30        0x0 f:/installs/altera/nios2eds/bin/gnu/h-x86_64-mingw32/bin/../lib/gcc/nios2-elf/4.9.2\libgcc.a(lib2-divmod.o)
 .data          0x000000000400ff30        0x0 f:/installs/altera/nios2eds/bin/gnu/h-x86_64-mingw32/bin/../lib/gcc/nios2-elf/4.9.2\libgcc.a(adddf3.o)
 .data          0x000000000400ff30        0x0 f:/installs/altera/nios2eds/bin/gnu/h-x86_64-mingw32/bin/../lib/gcc/nios2-elf/4.9.2\libgcc.a(divdf3.o)
 .data          0x000000000400ff30        0x0 f:/installs/altera/nios2eds/bin/gnu/h-x86_64-mingw32/bin/../lib/gcc/nios2-elf/4.9.2\libgcc.a(eqdf2.o)
 .data          0x000000000400ff30        0x0 f:/installs/altera/nios2eds/bin/gnu/h-x86_64-mingw32/bin/../lib/gcc/nios2-elf/4.9.2\libgcc.a(gedf2.o)
 .data          0x000000000400ff30        0x0 f:/installs/altera/nios2eds/bin/gnu/h-x86_64-mingw32/bin/../lib/gcc/nios2-elf/4.9.2\libgcc.a(ledf2.o)
 .data          0x000000000400ff30        0x0 f:/installs/altera/nios2eds/bin/gnu/h-x86_64-mingw32/bin/../lib/gcc/nios2-elf/4.9.2\libgcc.a(muldf3.o)
 .data          0x000000000400ff30        0x0 f:/installs/altera/nios2eds/bin/gnu/h-x86_64-mingw32/bin/../lib/gcc/nios2-elf/4.9.2\libgcc.a(subdf3.o)
 .data          0x000000000400ff30        0x0 f:/installs/altera/nios2eds/bin/gnu/h-x86_64-mingw32/bin/../lib/gcc/nios2-elf/4.9.2\libgcc.a(fixdfsi.o)
 .data          0x000000000400ff30        0x0 f:/installs/altera/nios2eds/bin/gnu/h-x86_64-mingw32/bin/../lib/gcc/nios2-elf/4.9.2\libgcc.a(floatsidf.o)
 .data          0x000000000400ff30        0x0 f:/installs/altera/nios2eds/bin/gnu/h-x86_64-mingw32/bin/../lib/gcc/nios2-elf/4.9.2\libgcc.a(floatunsidf.o)
 .data          0x000000000400ff30        0x0 f:/installs/altera/nios2eds/bin/gnu/h-x86_64-mingw32/bin/../lib/gcc/nios2-elf/4.9.2\libgcc.a(_clz.o)
 .data          0x000000000400ff30        0x0 f:/installs/altera/nios2eds/bin/gnu/h-x86_64-mingw32/bin/../lib/gcc/nios2-elf/4.9.2\libgcc.a(_clzsi2.o)
 .data          0x000000000400ff30        0x0 ../CodesignProject_bsp/\libhal_bsp.a(alt_close.o)
 .data          0x000000000400ff30      0x1a8 ../CodesignProject_bsp/\libhal_bsp.a(alt_dev.o)
                0x000000000400ff30                alt_dev_null
                0x000000000400ff58                alt_fd_list
 .data          0x00000000040100d8        0x0 ../CodesignProject_bsp/\libhal_bsp.a(alt_errno.o)
 .data          0x00000000040100d8        0x0 ../CodesignProject_bsp/\libhal_bsp.a(alt_fstat.o)
 .data          0x00000000040100d8        0x0 ../CodesignProject_bsp/\libhal_bsp.a(alt_irq_register.o)
 .data          0x00000000040100d8        0x0 ../CodesignProject_bsp/\libhal_bsp.a(alt_irq_vars.o)
 .data          0x00000000040100d8        0x0 ../CodesignProject_bsp/\libhal_bsp.a(alt_isatty.o)
 .data          0x00000000040100d8        0x0 ../CodesignProject_bsp/\libhal_bsp.a(alt_load.o)
 .data          0x00000000040100d8        0x0 ../CodesignProject_bsp/\libhal_bsp.a(alt_lseek.o)
 .data          0x00000000040100d8        0x0 ../CodesignProject_bsp/\libhal_bsp.a(alt_main.o)
 .data          0x00000000040100d8        0x0 ../CodesignProject_bsp/\libhal_bsp.a(alt_malloc_lock.o)
 .data          0x00000000040100d8        0x0 ../CodesignProject_bsp/\libhal_bsp.a(alt_read.o)
 .data          0x00000000040100d8        0x0 ../CodesignProject_bsp/\libhal_bsp.a(alt_release_fd.o)
 .data          0x00000000040100d8        0x0 ../CodesignProject_bsp/\libhal_bsp.a(alt_sbrk.o)
 .data          0x00000000040100d8        0x0 ../CodesignProject_bsp/\libhal_bsp.a(alt_usleep.o)
 .data          0x00000000040100d8        0x0 ../CodesignProject_bsp/\libhal_bsp.a(alt_write.o)
 .data          0x00000000040100d8     0x1060 ../CodesignProject_bsp/\libhal_bsp.a(alt_sys_init.o)
 .data          0x0000000004011138        0x0 ../CodesignProject_bsp/\libhal_bsp.a(altera_avalon_jtag_uart_fd.o)
 .data          0x0000000004011138        0x0 ../CodesignProject_bsp/\libhal_bsp.a(altera_avalon_jtag_uart_init.o)
 .data          0x0000000004011138        0x0 ../CodesignProject_bsp/\libhal_bsp.a(altera_avalon_jtag_uart_ioctl.o)
 .data          0x0000000004011138        0x0 ../CodesignProject_bsp/\libhal_bsp.a(altera_avalon_jtag_uart_read.o)
 .data          0x0000000004011138        0x0 ../CodesignProject_bsp/\libhal_bsp.a(altera_avalon_jtag_uart_write.o)
 .data          0x0000000004011138        0x0 ../CodesignProject_bsp/\libhal_bsp.a(altera_avalon_timer_sc.o)
 .data          0x0000000004011138        0x0 ../CodesignProject_bsp/\libhal_bsp.a(alt_alarm_start.o)
 .data          0x0000000004011138        0x0 ../CodesignProject_bsp/\libhal_bsp.a(alt_busy_sleep.o)
 .data          0x0000000004011138        0x0 ../CodesignProject_bsp/\libhal_bsp.a(alt_dcache_flush_all.o)
 .data          0x0000000004011138        0x0 ../CodesignProject_bsp/\libhal_bsp.a(alt_dev_llist_insert.o)
 .data          0x0000000004011138        0x0 ../CodesignProject_bsp/\libhal_bsp.a(alt_icache_flush_all.o)
 .data          0x0000000004011138        0x0 ../CodesignProject_bsp/\libhal_bsp.a(alt_iic.o)
 .data          0x0000000004011138        0x0 ../CodesignProject_bsp/\libhal_bsp.a(alt_iic_isr_register.o)
 .data          0x0000000004011138        0x0 ../CodesignProject_bsp/\libhal_bsp.a(alt_io_redirect.o)
 .data          0x0000000004011138        0x0 ../CodesignProject_bsp/\libhal_bsp.a(alt_irq_entry.o)
 .data          0x0000000004011138        0x0 ../CodesignProject_bsp/\libhal_bsp.a(alt_irq_handler.o)
 .data          0x0000000004011138        0x0 ../CodesignProject_bsp/\libhal_bsp.a(alt_open.o)
 .data          0x0000000004011138        0x0 ../CodesignProject_bsp/\libhal_bsp.a(alt_tick.o)
 .data          0x0000000004011138        0x0 ../CodesignProject_bsp/\libhal_bsp.a(altera_nios2_gen2_irq.o)
 .data          0x0000000004011138        0x0 ../CodesignProject_bsp/\libhal_bsp.a(alt_exception_entry.o)
 .data          0x0000000004011138        0x0 ../CodesignProject_bsp/\libhal_bsp.a(alt_find_dev.o)
 .data          0x0000000004011138        0x0 ../CodesignProject_bsp/\libhal_bsp.a(alt_find_file.o)
 .data          0x0000000004011138        0x0 ../CodesignProject_bsp/\libhal_bsp.a(alt_get_fd.o)
 .data          0x0000000004011138        0x0 ../CodesignProject_bsp/\libhal_bsp.a(alt_icache_flush.o)
 .data          0x0000000004011138        0x0 ../CodesignProject_bsp/\libhal_bsp.a(alt_instruction_exception_entry.o)
 .data          0x0000000004011138        0x0 f:/installs/altera/nios2eds/bin/gnu/h-x86_64-mingw32/bin/../lib/gcc/nios2-elf/4.9.2/../../../../../H-x86_64-mingw32/nios2-elf/lib\libc.a(lib_a-exit.o)
 .data          0x0000000004011138        0x0 f:/installs/altera/nios2eds/bin/gnu/h-x86_64-mingw32/bin/../lib/gcc/nios2-elf/4.9.2/../../../../../H-x86_64-mingw32/nios2-elf/lib\libc.a(lib_a-memcmp.o)
 .data          0x0000000004011138        0x0 f:/installs/altera/nios2eds/bin/gnu/h-x86_64-mingw32/bin/../lib/gcc/nios2-elf/4.9.2/../../../../../H-x86_64-mingw32/nios2-elf/lib\libc.a(lib_a-__call_atexit.o)
 .data          0x0000000004011138        0x0 ../CodesignProject_bsp/\libhal_bsp.a(alt_exit.o)
                0x0000000004019138                _gp = ABSOLUTE ((. + 0x8000))
                0x0000000004019138                PROVIDE (gp, _gp)
 *(.rwdata .rwdata.*)
 *(.sdata .sdata.* .gnu.linkonce.s.*)
 .sdata._global_impure_ptr
                0x0000000004011138        0x4 f:/installs/altera/nios2eds/bin/gnu/h-x86_64-mingw32/bin/../lib/gcc/nios2-elf/4.9.2/../../../../../H-x86_64-mingw32/nios2-elf/lib\libc.a(lib_a-impure.o)
                0x0000000004011138                _global_impure_ptr
 .sdata._impure_ptr
                0x000000000401113c        0x4 f:/installs/altera/nios2eds/bin/gnu/h-x86_64-mingw32/bin/../lib/gcc/nios2-elf/4.9.2/../../../../../H-x86_64-mingw32/nios2-elf/lib\libc.a(lib_a-impure.o)
                0x000000000401113c                _impure_ptr
 .sdata.__mb_cur_max
                0x0000000004011140        0x4 f:/installs/altera/nios2eds/bin/gnu/h-x86_64-mingw32/bin/../lib/gcc/nios2-elf/4.9.2/../../../../../H-x86_64-mingw32/nios2-elf/lib\libc.a(lib_a-locale.o)
                0x0000000004011140                __mb_cur_max
 .sdata.__malloc_sbrk_base
                0x0000000004011144        0x4 f:/installs/altera/nios2eds/bin/gnu/h-x86_64-mingw32/bin/../lib/gcc/nios2-elf/4.9.2/../../../../../H-x86_64-mingw32/nios2-elf/lib\libc.a(lib_a-mallocr.o)
                0x0000000004011144                __malloc_sbrk_base
 .sdata.__malloc_trim_threshold
                0x0000000004011148        0x4 f:/installs/altera/nios2eds/bin/gnu/h-x86_64-mingw32/bin/../lib/gcc/nios2-elf/4.9.2/../../../../../H-x86_64-mingw32/nios2-elf/lib\libc.a(lib_a-mallocr.o)
                0x0000000004011148                __malloc_trim_threshold
 .sdata.__wctomb
                0x000000000401114c        0x4 f:/installs/altera/nios2eds/bin/gnu/h-x86_64-mingw32/bin/../lib/gcc/nios2-elf/4.9.2/../../../../../H-x86_64-mingw32/nios2-elf/lib\libc.a(lib_a-wctomb_r.o)
                0x000000000401114c                __wctomb
 .sdata         0x0000000004011150       0x14 ../CodesignProject_bsp/\libhal_bsp.a(alt_dev.o)
                0x0000000004011150                alt_fs_list
                0x0000000004011158                alt_dev_list
                0x0000000004011160                alt_max_fd
 .sdata         0x0000000004011164        0x4 ../CodesignProject_bsp/\libhal_bsp.a(alt_errno.o)
                0x0000000004011164                alt_errno
 .sdata         0x0000000004011168        0x4 ../CodesignProject_bsp/\libhal_bsp.a(alt_irq_vars.o)
                0x0000000004011168                alt_priority_mask
 .sdata         0x000000000401116c        0x4 ../CodesignProject_bsp/\libhal_bsp.a(alt_sbrk.o)
 .sdata         0x0000000004011170        0x8 ../CodesignProject_bsp/\libhal_bsp.a(alt_tick.o)
                0x0000000004011170                alt_alarm_list
 *(.sdata2 .sdata2.* .gnu.linkonce.s2.*)
                0x0000000004011178                . = ALIGN (0x4)
                0x0000000004011178                _edata = ABSOLUTE (.)
                0x0000000004011178                PROVIDE (edata, ABSOLUTE (.))
                0x0000000004011178                PROVIDE (__ram_rwdata_end, ABSOLUTE (.))
                0x0000000004011178                PROVIDE (__flash_rwdata_start, LOADADDR (.rwdata))

.bss            0x0000000004012c64      0x160
                0x0000000004012c64                __bss_start = ABSOLUTE (.)
                0x0000000004012c64                PROVIDE (__sbss_start, ABSOLUTE (.))
                0x0000000004012c64                PROVIDE (___sbss_start, ABSOLUTE (.))
 *(.dynsbss)
 *(.sbss .sbss.* .gnu.linkonce.sb.*)
 .sbss._PathLocale
                0x0000000004012c64        0x4 f:/installs/altera/nios2eds/bin/gnu/h-x86_64-mingw32/bin/../lib/gcc/nios2-elf/4.9.2/../../../../../H-x86_64-mingw32/nios2-elf/lib\libc.a(lib_a-locale.o)
                0x0000000004012c64                _PathLocale
 .sbss.__mlocale_changed
                0x0000000004012c68        0x4 f:/installs/altera/nios2eds/bin/gnu/h-x86_64-mingw32/bin/../lib/gcc/nios2-elf/4.9.2/../../../../../H-x86_64-mingw32/nios2-elf/lib\libc.a(lib_a-locale.o)
                0x0000000004012c68                __mlocale_changed
 .sbss.__nlocale_changed
                0x0000000004012c6c        0x4 f:/installs/altera/nios2eds/bin/gnu/h-x86_64-mingw32/bin/../lib/gcc/nios2-elf/4.9.2/../../../../../H-x86_64-mingw32/nios2-elf/lib\libc.a(lib_a-locale.o)
                0x0000000004012c6c                __nlocale_changed
 .sbss.__malloc_max_total_mem
                0x0000000004012c70        0x4 f:/installs/altera/nios2eds/bin/gnu/h-x86_64-mingw32/bin/../lib/gcc/nios2-elf/4.9.2/../../../../../H-x86_64-mingw32/nios2-elf/lib\libc.a(lib_a-mallocr.o)
                0x0000000004012c70                __malloc_max_total_mem
 .sbss.__malloc_max_sbrked_mem
                0x0000000004012c74        0x4 f:/installs/altera/nios2eds/bin/gnu/h-x86_64-mingw32/bin/../lib/gcc/nios2-elf/4.9.2/../../../../../H-x86_64-mingw32/nios2-elf/lib\libc.a(lib_a-mallocr.o)
                0x0000000004012c74                __malloc_max_sbrked_mem
 .sbss.__malloc_top_pad
                0x0000000004012c78        0x4 f:/installs/altera/nios2eds/bin/gnu/h-x86_64-mingw32/bin/../lib/gcc/nios2-elf/4.9.2/../../../../../H-x86_64-mingw32/nios2-elf/lib\libc.a(lib_a-mallocr.o)
                0x0000000004012c78                __malloc_top_pad
 .sbss          0x0000000004012c7c        0x4 f:/installs/altera/nios2eds/bin/gnu/h-x86_64-mingw32/bin/../lib/gcc/nios2-elf/4.9.2/../../../../../H-x86_64-mingw32/nios2-elf/lib\libc.a(lib_a-int_errno.o)
                0x0000000004012c7c                errno
 .sbss          0x0000000004012c80        0x4 ../CodesignProject_bsp/\libhal_bsp.a(alt_irq_vars.o)
                0x0000000004012c80                alt_irq_active
 .sbss          0x0000000004012c84        0xc ../CodesignProject_bsp/\libhal_bsp.a(alt_main.o)
                0x0000000004012c84                alt_argc
                0x0000000004012c88                alt_argv
                0x0000000004012c8c                alt_envp
 .sbss          0x0000000004012c90        0x8 ../CodesignProject_bsp/\libhal_bsp.a(alt_tick.o)
                0x0000000004012c90                _alt_tick_rate
                0x0000000004012c94                _alt_nticks
 .sbss          0x0000000004012c98        0x4 ../CodesignProject_bsp/\libhal_bsp.a(alt_instruction_exception_entry.o)
                0x0000000004012c98                alt_instruction_exception_handler
 *(.sbss2 .sbss2.* .gnu.linkonce.sb2.*)
 *(.scommon)
                0x0000000004012c9c                PROVIDE (__sbss_end, ABSOLUTE (.))
                0x0000000004012c9c                PROVIDE (___sbss_end, ABSOLUTE (.))
 *(.dynbss)
 *(.bss .bss.* .gnu.linkonce.b.*)
 .bss           0x0000000004012c9c        0x0 ../CodesignProject_bsp//obj/HAL/src/crt0.o
 .bss           0x0000000004012c9c        0x0 obj/default/main.o
 .bss           0x0000000004012c9c        0x0 f:/installs/altera/nios2eds/bin/gnu/h-x86_64-mingw32/bin/../lib/gcc/nios2-elf/4.9.2/../../../../../H-x86_64-mingw32/nios2-elf/lib\libc.a(lib_a-printf.o)
 .bss           0x0000000004012c9c        0x0 f:/installs/altera/nios2eds/bin/gnu/h-x86_64-mingw32/bin/../lib/gcc/nios2-elf/4.9.2/../../../../../H-x86_64-mingw32/nios2-elf/lib\libc.a(lib_a-puts.o)
 .bss           0x0000000004012c9c        0x0 f:/installs/altera/nios2eds/bin/gnu/h-x86_64-mingw32/bin/../lib/gcc/nios2-elf/4.9.2/../../../../../H-x86_64-mingw32/nios2-elf/lib\libc.a(lib_a-strlen.o)
 .bss           0x0000000004012c9c        0x0 f:/installs/altera/nios2eds/bin/gnu/h-x86_64-mingw32/bin/../lib/gcc/nios2-elf/4.9.2/../../../../../H-x86_64-mingw32/nios2-elf/lib\libc.a(lib_a-vfprintf.o)
 .bss           0x0000000004012c9c        0x0 f:/installs/altera/nios2eds/bin/gnu/h-x86_64-mingw32/bin/../lib/gcc/nios2-elf/4.9.2/../../../../../H-x86_64-mingw32/nios2-elf/lib\libc.a(lib_a-wsetup.o)
 .bss           0x0000000004012c9c        0x0 f:/installs/altera/nios2eds/bin/gnu/h-x86_64-mingw32/bin/../lib/gcc/nios2-elf/4.9.2/../../../../../H-x86_64-mingw32/nios2-elf/lib\libc.a(lib_a-dtoa.o)
 .bss           0x0000000004012c9c        0x0 f:/installs/altera/nios2eds/bin/gnu/h-x86_64-mingw32/bin/../lib/gcc/nios2-elf/4.9.2/../../../../../H-x86_64-mingw32/nios2-elf/lib\libc.a(lib_a-fflush.o)
 .bss           0x0000000004012c9c        0x0 f:/installs/altera/nios2eds/bin/gnu/h-x86_64-mingw32/bin/../lib/gcc/nios2-elf/4.9.2/../../../../../H-x86_64-mingw32/nios2-elf/lib\libc.a(lib_a-findfp.o)
 .bss           0x0000000004012c9c        0x0 f:/installs/altera/nios2eds/bin/gnu/h-x86_64-mingw32/bin/../lib/gcc/nios2-elf/4.9.2/../../../../../H-x86_64-mingw32/nios2-elf/lib\libc.a(lib_a-freer.o)
 .bss           0x0000000004012c9c        0x0 f:/installs/altera/nios2eds/bin/gnu/h-x86_64-mingw32/bin/../lib/gcc/nios2-elf/4.9.2/../../../../../H-x86_64-mingw32/nios2-elf/lib\libc.a(lib_a-fvwrite.o)
 .bss           0x0000000004012c9c        0x0 f:/installs/altera/nios2eds/bin/gnu/h-x86_64-mingw32/bin/../lib/gcc/nios2-elf/4.9.2/../../../../../H-x86_64-mingw32/nios2-elf/lib\libc.a(lib_a-fwalk.o)
 .bss           0x0000000004012c9c        0x0 f:/installs/altera/nios2eds/bin/gnu/h-x86_64-mingw32/bin/../lib/gcc/nios2-elf/4.9.2/../../../../../H-x86_64-mingw32/nios2-elf/lib\libc.a(lib_a-impure.o)
 .bss           0x0000000004012c9c        0x0 f:/installs/altera/nios2eds/bin/gnu/h-x86_64-mingw32/bin/../lib/gcc/nios2-elf/4.9.2/../../../../../H-x86_64-mingw32/nios2-elf/lib\libc.a(lib_a-locale.o)
 .bss           0x0000000004012c9c        0x0 f:/installs/altera/nios2eds/bin/gnu/h-x86_64-mingw32/bin/../lib/gcc/nios2-elf/4.9.2/../../../../../H-x86_64-mingw32/nios2-elf/lib\libc.a(lib_a-makebuf.o)
 .bss           0x0000000004012c9c        0x0 f:/installs/altera/nios2eds/bin/gnu/h-x86_64-mingw32/bin/../lib/gcc/nios2-elf/4.9.2/../../../../../H-x86_64-mingw32/nios2-elf/lib\libc.a(lib_a-mallocr.o)
 .bss.__malloc_current_mallinfo
                0x0000000004012c9c       0x28 f:/installs/altera/nios2eds/bin/gnu/h-x86_64-mingw32/bin/../lib/gcc/nios2-elf/4.9.2/../../../../../H-x86_64-mingw32/nios2-elf/lib\libc.a(lib_a-mallocr.o)
                0x0000000004012c9c                __malloc_current_mallinfo
 .bss           0x0000000004012cc4        0x0 f:/installs/altera/nios2eds/bin/gnu/h-x86_64-mingw32/bin/../lib/gcc/nios2-elf/4.9.2/../../../../../H-x86_64-mingw32/nios2-elf/lib\libc.a(lib_a-memchr.o)
 .bss           0x0000000004012cc4        0x0 f:/installs/altera/nios2eds/bin/gnu/h-x86_64-mingw32/bin/../lib/gcc/nios2-elf/4.9.2/../../../../../H-x86_64-mingw32/nios2-elf/lib\libc.a(lib_a-memcpy.o)
 .bss           0x0000000004012cc4        0x0 f:/installs/altera/nios2eds/bin/gnu/h-x86_64-mingw32/bin/../lib/gcc/nios2-elf/4.9.2/../../../../../H-x86_64-mingw32/nios2-elf/lib\libc.a(lib_a-memmove.o)
 .bss           0x0000000004012cc4        0x0 f:/installs/altera/nios2eds/bin/gnu/h-x86_64-mingw32/bin/../lib/gcc/nios2-elf/4.9.2/../../../../../H-x86_64-mingw32/nios2-elf/lib\libc.a(lib_a-memset.o)
 .bss           0x0000000004012cc4        0x0 f:/installs/altera/nios2eds/bin/gnu/h-x86_64-mingw32/bin/../lib/gcc/nios2-elf/4.9.2/../../../../../H-x86_64-mingw32/nios2-elf/lib\libc.a(lib_a-mprec.o)
 .bss           0x0000000004012cc4        0x0 f:/installs/altera/nios2eds/bin/gnu/h-x86_64-mingw32/bin/../lib/gcc/nios2-elf/4.9.2/../../../../../H-x86_64-mingw32/nios2-elf/lib\libc.a(lib_a-reallocr.o)
 .bss           0x0000000004012cc4        0x0 f:/installs/altera/nios2eds/bin/gnu/h-x86_64-mingw32/bin/../lib/gcc/nios2-elf/4.9.2/../../../../../H-x86_64-mingw32/nios2-elf/lib\libc.a(lib_a-s_fpclassify.o)
 .bss           0x0000000004012cc4        0x0 f:/installs/altera/nios2eds/bin/gnu/h-x86_64-mingw32/bin/../lib/gcc/nios2-elf/4.9.2/../../../../../H-x86_64-mingw32/nios2-elf/lib\libc.a(lib_a-sbrkr.o)
 .bss           0x0000000004012cc4        0x0 f:/installs/altera/nios2eds/bin/gnu/h-x86_64-mingw32/bin/../lib/gcc/nios2-elf/4.9.2/../../../../../H-x86_64-mingw32/nios2-elf/lib\libc.a(lib_a-stdio.o)
 .bss           0x0000000004012cc4        0x0 f:/installs/altera/nios2eds/bin/gnu/h-x86_64-mingw32/bin/../lib/gcc/nios2-elf/4.9.2/../../../../../H-x86_64-mingw32/nios2-elf/lib\libc.a(lib_a-strcmp.o)
 .bss           0x0000000004012cc4        0x0 f:/installs/altera/nios2eds/bin/gnu/h-x86_64-mingw32/bin/../lib/gcc/nios2-elf/4.9.2/../../../../../H-x86_64-mingw32/nios2-elf/lib\libc.a(lib_a-vfiprintf.o)
 .bss           0x0000000004012cc4        0x0 f:/installs/altera/nios2eds/bin/gnu/h-x86_64-mingw32/bin/../lib/gcc/nios2-elf/4.9.2/../../../../../H-x86_64-mingw32/nios2-elf/lib\libc.a(lib_a-writer.o)
 .bss           0x0000000004012cc4        0x0 f:/installs/altera/nios2eds/bin/gnu/h-x86_64-mingw32/bin/../lib/gcc/nios2-elf/4.9.2/../../../../../H-x86_64-mingw32/nios2-elf/lib\libc.a(closer.o)
 .bss           0x0000000004012cc4        0x0 f:/installs/altera/nios2eds/bin/gnu/h-x86_64-mingw32/bin/../lib/gcc/nios2-elf/4.9.2/../../../../../H-x86_64-mingw32/nios2-elf/lib\libc.a(lib_a-callocr.o)
 .bss           0x0000000004012cc4        0x0 f:/installs/altera/nios2eds/bin/gnu/h-x86_64-mingw32/bin/../lib/gcc/nios2-elf/4.9.2/../../../../../H-x86_64-mingw32/nios2-elf/lib\libc.a(lib_a-fclose.o)
 .bss           0x0000000004012cc4        0x0 f:/installs/altera/nios2eds/bin/gnu/h-x86_64-mingw32/bin/../lib/gcc/nios2-elf/4.9.2/../../../../../H-x86_64-mingw32/nios2-elf/lib\libc.a(lib_a-fputwc.o)
 .bss           0x0000000004012cc4        0x0 f:/installs/altera/nios2eds/bin/gnu/h-x86_64-mingw32/bin/../lib/gcc/nios2-elf/4.9.2/../../../../../H-x86_64-mingw32/nios2-elf/lib\libc.a(lib_a-fstatr.o)
 .bss           0x0000000004012cc4        0x0 f:/installs/altera/nios2eds/bin/gnu/h-x86_64-mingw32/bin/../lib/gcc/nios2-elf/4.9.2/../../../../../H-x86_64-mingw32/nios2-elf/lib\libc.a(lib_a-int_errno.o)
 .bss           0x0000000004012cc4        0x0 f:/installs/altera/nios2eds/bin/gnu/h-x86_64-mingw32/bin/../lib/gcc/nios2-elf/4.9.2/../../../../../H-x86_64-mingw32/nios2-elf/lib\libc.a(lib_a-isattyr.o)
 .bss           0x0000000004012cc4        0x0 f:/installs/altera/nios2eds/bin/gnu/h-x86_64-mingw32/bin/../lib/gcc/nios2-elf/4.9.2/../../../../../H-x86_64-mingw32/nios2-elf/lib\libc.a(lib_a-lseekr.o)
 .bss           0x0000000004012cc4        0x0 f:/installs/altera/nios2eds/bin/gnu/h-x86_64-mingw32/bin/../lib/gcc/nios2-elf/4.9.2/../../../../../H-x86_64-mingw32/nios2-elf/lib\libc.a(lib_a-readr.o)
 .bss           0x0000000004012cc4        0x0 f:/installs/altera/nios2eds/bin/gnu/h-x86_64-mingw32/bin/../lib/gcc/nios2-elf/4.9.2/../../../../../H-x86_64-mingw32/nios2-elf/lib\libc.a(lib_a-wbuf.o)
 .bss           0x0000000004012cc4        0x0 f:/installs/altera/nios2eds/bin/gnu/h-x86_64-mingw32/bin/../lib/gcc/nios2-elf/4.9.2/../../../../../H-x86_64-mingw32/nios2-elf/lib\libc.a(lib_a-wcrtomb.o)
 .bss           0x0000000004012cc4        0x0 f:/installs/altera/nios2eds/bin/gnu/h-x86_64-mingw32/bin/../lib/gcc/nios2-elf/4.9.2/../../../../../H-x86_64-mingw32/nios2-elf/lib\libc.a(lib_a-wctomb_r.o)
 .bss           0x0000000004012cc4        0x0 f:/installs/altera/nios2eds/bin/gnu/h-x86_64-mingw32/bin/../lib/gcc/nios2-elf/4.9.2\libgcc.a(_udivdi3.o)
 .bss           0x0000000004012cc4        0x0 f:/installs/altera/nios2eds/bin/gnu/h-x86_64-mingw32/bin/../lib/gcc/nios2-elf/4.9.2\libgcc.a(_umoddi3.o)
 .bss           0x0000000004012cc4        0x0 f:/installs/altera/nios2eds/bin/gnu/h-x86_64-mingw32/bin/../lib/gcc/nios2-elf/4.9.2\libgcc.a(lib2-divmod.o)
 .bss           0x0000000004012cc4        0x0 f:/installs/altera/nios2eds/bin/gnu/h-x86_64-mingw32/bin/../lib/gcc/nios2-elf/4.9.2\libgcc.a(adddf3.o)
 .bss           0x0000000004012cc4        0x0 f:/installs/altera/nios2eds/bin/gnu/h-x86_64-mingw32/bin/../lib/gcc/nios2-elf/4.9.2\libgcc.a(divdf3.o)
 .bss           0x0000000004012cc4        0x0 f:/installs/altera/nios2eds/bin/gnu/h-x86_64-mingw32/bin/../lib/gcc/nios2-elf/4.9.2\libgcc.a(eqdf2.o)
 .bss           0x0000000004012cc4        0x0 f:/installs/altera/nios2eds/bin/gnu/h-x86_64-mingw32/bin/../lib/gcc/nios2-elf/4.9.2\libgcc.a(gedf2.o)
 .bss           0x0000000004012cc4        0x0 f:/installs/altera/nios2eds/bin/gnu/h-x86_64-mingw32/bin/../lib/gcc/nios2-elf/4.9.2\libgcc.a(ledf2.o)
 .bss           0x0000000004012cc4        0x0 f:/installs/altera/nios2eds/bin/gnu/h-x86_64-mingw32/bin/../lib/gcc/nios2-elf/4.9.2\libgcc.a(muldf3.o)
 .bss           0x0000000004012cc4        0x0 f:/installs/altera/nios2eds/bin/gnu/h-x86_64-mingw32/bin/../lib/gcc/nios2-elf/4.9.2\libgcc.a(subdf3.o)
 .bss           0x0000000004012cc4        0x0 f:/installs/altera/nios2eds/bin/gnu/h-x86_64-mingw32/bin/../lib/gcc/nios2-elf/4.9.2\libgcc.a(fixdfsi.o)
 .bss           0x0000000004012cc4        0x0 f:/installs/altera/nios2eds/bin/gnu/h-x86_64-mingw32/bin/../lib/gcc/nios2-elf/4.9.2\libgcc.a(floatsidf.o)
 .bss           0x0000000004012cc4        0x0 f:/installs/altera/nios2eds/bin/gnu/h-x86_64-mingw32/bin/../lib/gcc/nios2-elf/4.9.2\libgcc.a(floatunsidf.o)
 .bss           0x0000000004012cc4        0x0 f:/installs/altera/nios2eds/bin/gnu/h-x86_64-mingw32/bin/../lib/gcc/nios2-elf/4.9.2\libgcc.a(_clz.o)
 .bss           0x0000000004012cc4        0x0 f:/installs/altera/nios2eds/bin/gnu/h-x86_64-mingw32/bin/../lib/gcc/nios2-elf/4.9.2\libgcc.a(_clzsi2.o)
 .bss           0x0000000004012cc4        0x0 ../CodesignProject_bsp/\libhal_bsp.a(alt_close.o)
 .bss           0x0000000004012cc4        0x0 ../CodesignProject_bsp/\libhal_bsp.a(alt_dev.o)
 .bss           0x0000000004012cc4        0x0 ../CodesignProject_bsp/\libhal_bsp.a(alt_errno.o)
 .bss           0x0000000004012cc4        0x0 ../CodesignProject_bsp/\libhal_bsp.a(alt_fstat.o)
 .bss           0x0000000004012cc4        0x0 ../CodesignProject_bsp/\libhal_bsp.a(alt_irq_register.o)
 .bss           0x0000000004012cc4        0x0 ../CodesignProject_bsp/\libhal_bsp.a(alt_irq_vars.o)
 .bss           0x0000000004012cc4        0x0 ../CodesignProject_bsp/\libhal_bsp.a(alt_isatty.o)
 .bss           0x0000000004012cc4        0x0 ../CodesignProject_bsp/\libhal_bsp.a(alt_load.o)
 .bss           0x0000000004012cc4        0x0 ../CodesignProject_bsp/\libhal_bsp.a(alt_lseek.o)
 .bss           0x0000000004012cc4        0x0 ../CodesignProject_bsp/\libhal_bsp.a(alt_main.o)
 .bss           0x0000000004012cc4        0x0 ../CodesignProject_bsp/\libhal_bsp.a(alt_malloc_lock.o)
 .bss           0x0000000004012cc4        0x0 ../CodesignProject_bsp/\libhal_bsp.a(alt_read.o)
 .bss           0x0000000004012cc4        0x0 ../CodesignProject_bsp/\libhal_bsp.a(alt_release_fd.o)
 .bss           0x0000000004012cc4        0x0 ../CodesignProject_bsp/\libhal_bsp.a(alt_sbrk.o)
 .bss           0x0000000004012cc4        0x0 ../CodesignProject_bsp/\libhal_bsp.a(alt_usleep.o)
 .bss           0x0000000004012cc4        0x0 ../CodesignProject_bsp/\libhal_bsp.a(alt_write.o)
 .bss           0x0000000004012cc4        0x0 ../CodesignProject_bsp/\libhal_bsp.a(alt_sys_init.o)
 .bss           0x0000000004012cc4        0x0 ../CodesignProject_bsp/\libhal_bsp.a(altera_avalon_jtag_uart_fd.o)
 .bss           0x0000000004012cc4        0x0 ../CodesignProject_bsp/\libhal_bsp.a(altera_avalon_jtag_uart_init.o)